Godot Engine v4.7.2.stable.official.ed1daf0bf - https://godotengine.org

[   0% ] [90m[1mfirst_scan_filesystem[22m | Started 项目初始化 (5 steps)[39m[0m
[   0% ] [90m[1mfirst_scan_filesystem[22m | 正在扫描文件结构……[39m[0m
[  16% ] [90m[1mfirst_scan_filesystem[22m | 正在加载全局类名……[39m[0m
[  33% ] [90m[1mfirst_scan_filesystem[22m | 正在校验 GDExtension……[39m[0m
[  50% ] [90m[1mfirst_scan_filesystem[22m | 正在创建自动加载脚本……[39m[0m
[  66% ] [90m[1mfirst_scan_filesystem[22m | 正在初始化插件……[39m[0m
[  83% ] [90m[1mfirst_scan_filesystem[22m | 正在启动文件扫描……[39m[0m
[92m[ DONE ][39m [1mfirst_scan_filesystem[22m
[0m
[   0% ] [90m[1mupdate_scripts_classes[22m | Started 正在注册全局类…… (3 steps)[39m[0m
[   0% ] [90m[1mupdate_scripts_classes[22m | [39m[0m
[  25% ] [90m[1mupdate_scripts_classes[22m | [39m[0m
[  50% ] [90m[1mupdate_scripts_classes[22m | [39m[0m
[92m[ DONE ][39m [1mupdate_scripts_classes[22m
[0m
[   0% ] [90m[1m_update_scan_actions[22m | Started 正在扫描动作…… (17 steps)[39m[0m
[   0% ] [90m[1m_update_scan_actions[22m | 01-order.png[39m[0m
[   5% ] [90m[1m_update_scan_actions[22m | 02-handwritten-title.png[39m[0m
[  11% ] [90m[1m_update_scan_actions[22m | 02-storage.png[39m[0m
[  16% ] [90m[1m_update_scan_actions[22m | 03-completed-drawings.png[39m[0m
[  22% ] [90m[1m_update_scan_actions[22m | 03-cut-and-toss.png[39m[0m
[  27% ] [90m[1m_update_scan_actions[22m | 04-cooked.png[39m[0m
[  33% ] [90m[1m_update_scan_actions[22m | 04-saved-reader.png[39m[0m
[  38% ] [90m[1m_update_scan_actions[22m | 05-final-page.png[39m[0m
[  44% ] [90m[1m_update_scan_actions[22m | 05-plating.png[39m[0m
[  50% ] [90m[1m_update_scan_actions[22m | 06-dish-photo.png[39m[0m
[  55% ] [90m[1m_update_scan_actions[22m | 07-feedback.png[39m[0m
[  61% ] [90m[1m_update_scan_actions[22m | 08-poster.png[39m[0m
[  66% ] [90m[1m_update_scan_actions[22m | 09-cleaning.png[39m[0m
[  72% ] [90m[1m_update_scan_actions[22m | 10-lid-steam.png[39m[0m
[  77% ] [90m[1m_update_scan_actions[22m | 10-soup-bowl.png[39m[0m
[  83% ] [90m[1m_update_scan_actions[22m | 11-receipt.png[39m[0m
[  88% ] [90m[1m_update_scan_actions[22m | failure.png[39m[0m
[92m[ DONE ][39m [1m_update_scan_actions[22m
[0m
[   0% ] [90m[1mreimport[22m | Started 正在导入或重新导入资产 (17 steps)[39m[0m
[   0% ] [90m[1mreimport[22m | 正在准备重新导入文件……[39m[0m
[   5% ] [90m[1mreimport[22m | 正在准备重新导入文件……[39m[0m
[  11% ] [90m[1mreimport[22m | 正在准备重新导入文件……[39m[0m
[  16% ] [90m[1mreimport[22m | 正在准备重新导入文件……[39m[0m
[  22% ] [90m[1mreimport[22m | 正在准备重新导入文件……[39m[0m
[  27% ] [90m[1mreimport[22m | 正在准备重新导入文件……[39m[0m
[  33% ] [90m[1mreimport[22m | 正在准备重新导入文件……[39m[0m
[  38% ] [90m[1mreimport[22m | 正在准备重新导入文件……[39m[0m
[  44% ] [90m[1mreimport[22m | 正在准备重新导入文件……[39m[0m
[  50% ] [90m[1mreimport[22m | 正在准备重新导入文件……[39m[0m
[  55% ] [90m[1mreimport[22m | 正在准备重新导入文件……[39m[0m
[  61% ] [90m[1mreimport[22m | 正在准备重新导入文件……[39m[0m
[  66% ] [90m[1mreimport[22m | 正在准备重新导入文件……[39m[0m
[  72% ] [90m[1mreimport[22m | 正在准备重新导入文件……[39m[0m
[  77% ] [90m[1mreimport[22m | 正在准备重新导入文件……[39m[0m
[  83% ] [90m[1mreimport[22m | 正在准备重新导入文件……[39m[0m
[  88% ] [90m[1mreimport[22m | 正在准备重新导入文件……[39m[0m
[   0% ] [90m[1mreimport[22m | 正在执行重新导入的前置操作……[39m[0m
[   0% ] [90m[1mreimport[22m | failure.png[39m[0m
[   5% ] [90m[1mreimport[22m | 11-receipt.png[39m[0m
[  11% ] [90m[1mreimport[22m | 10-soup-bowl.png[39m[0m
[  16% ] [90m[1mreimport[22m | 10-lid-steam.png[39m[0m
[  22% ] [90m[1mreimport[22m | 09-cleaning.png[39m[0m
[  27% ] [90m[1mreimport[22m | 08-poster.png[39m[0m
[  33% ] [90m[1mreimport[22m | 07-feedback.png[39m[0m
[  38% ] [90m[1mreimport[22m | 06-dish-photo.png[39m[0m
[  44% ] [90m[1mreimport[22m | 05-plating.png[39m[0m
[  50% ] [90m[1mreimport[22m | 05-final-page.png[39m[0m
[  55% ] [90m[1mreimport[22m | 04-saved-reader.png[39m[0m
[  61% ] [90m[1mreimport[22m | 04-cooked.png[39m[0m
[  66% ] [90m[1mreimport[22m | 03-cut-and-toss.png[39m[0m
[  72% ] [90m[1mreimport[22m | 03-completed-drawings.png[39m[0m
[  77% ] [90m[1mreimport[22m | 02-storage.png[39m[0m
[  83% ] [90m[1mreimport[22m | 02-handwritten-title.png[39m[0m
[  88% ] [90m[1mreimport[22m | 01-order.png[39m[0m
[  94% ] [90m[1mreimport[22m | 正在结束资产导入……[39m[0m
[92m[ DONE ][39m [1mreimport[22m
[0m
[   0% ] [90m[1mreimport[22m | Started 正在导入或重新导入资产 (17 steps)[39m[0m
[   0% ] [90m[1mreimport[22m | 正在执行重新导入的后置操作……[39m[0m
[92m[ DONE ][39m [1mreimport[22m
[0m
[   0% ] [90m[1mloading_editor_layout[22m | Started 正在加载编辑器 (5 steps)[39m[0m
[   0% ] [90m[1mloading_editor_layout[22m | 正在加载编辑器布局……[39m[0m
[  16% ] [90m[1mloading_editor_layout[22m | 正在加载停靠面板……[39m[0m
[92m[ DONE ][39m [1mloading_editor_layout[22m
[0m
