PASS engine-version
PASS project-import
PASS startup-120-frames
PASS tests/test_pan_lid.gd
PASS tests/test_thermal_reactions.gd
PASS tests/test_reaction_kitchen.gd
PASS tests/test_visual_spatial_consistency.gd
PASS tests/test_kitchen_flood.gd
PASS tests/test_craft_workbench.gd
PASS tests/test_material_physics.gd
PASS tests/test_cut_clean_share.gd
PASS tests/test_handdrawn_assets.gd
PASS tests/test_team_food_art.gd
PASS tests/test_tomato_art.gd
PASS tests/test_shelf_pages.gd
PASS tests/test_removed_counter_items_cast.gd
PASS tests/test_recipe_guide.gd
PASS tests/test_serving_continuity.gd
PASS tests/test_recorded_audio.gd
PASS modules/restaurant/domain/test_domain.gd
PASS modules/restaurant/storage/smoke_test.gd
PASS tests/test_integration.gd
PASS tests/test_high_fidelity_state.gd
PASS tests/test_knife_physics.gd
PASS tests/test_knife_drag.gd
PASS tests/test_tool_foreground.gd
PASS tests/test_cut_batch_stability.gd
PASS tests/test_slice_cooking_continuity.gd
PASS tests/test_reference_layout.gd
PASS tests/test_stock_volume_recipe.gd
PASS modules/restaurant/ui/poster_store_test.gd
PASS modules/restaurant/ui/collage_test.gd
PASS tests/test_collage_input.gd
PASS modules/restaurant/storage/paper_recipe_test.gd
PASS tests/test_recipe_diy.gd
PASS tests/test_recipe_drawing.gd
PASS tests/test_tape_editing.gd
PASS tests/test_tape_tools.gd
PASS tests/test_seasoning.gd
PASS tests/test_spatula.gd
PASS tests/test_heat_control.gd
PASS tests/test_kitchen_interactions.gd
PASS tests/test_customer_reviews.gd
PASS tests/test_free_pan.gd
PASS tests/test_workstations.gd
PASS tests/test_comfort_release.gd
PASS tests/capture_asset_gallery.gd
PASS recorded-audio-audit
PASS: full checks, 44/44 Godot scripts; 0 failed steps. Logs: /Users/imokokok/Documents/Solmere/prototypes/100-restaurant/qa/20260927-player-tutorial/checks
