Godot Engine v4.7.2.stable.official.ed1daf0bf - https://godotengine.org

[   0% ] [90m[1mfirst_scan_filesystem[22m | Started 项目初始化 (5 steps)[39m[0m
[   0% ] [90m[1mfirst_scan_filesystem[22m | 正在扫描文件结构……[39m[0m
WARNING: Detected another project.godot at res://prototypes/100-restaurant. The folder will be ignored.
   at: _should_skip_directory (editor/file_system/editor_file_system.cpp:3497)
[  16% ] [90m[1mfirst_scan_filesystem[22m | 正在加载全局类名……[39m[0m
[  33% ] [90m[1mfirst_scan_filesystem[22m | 正在校验 GDExtension……[39m[0m
[  50% ] [90m[1mfirst_scan_filesystem[22m | 正在创建自动加载脚本……[39m[0m
[  66% ] [90m[1mfirst_scan_filesystem[22m | 正在初始化插件……[39m[0m
[  83% ] [90m[1mfirst_scan_filesystem[22m | 正在启动文件扫描……[39m[0m
[92m[ DONE ][39m [1mfirst_scan_filesystem[22m
[0m
[   0% ] [90m[1mupdate_scripts_classes[22m | Started 正在注册全局类…… (10 steps)[39m[0m
[   0% ] [90m[1mupdate_scripts_classes[22m | [39m[0m
[   9% ] [90m[1mupdate_scripts_classes[22m | [39m[0m
[  18% ] [90m[1mupdate_scripts_classes[22m | [39m[0m
[  27% ] [90m[1mupdate_scripts_classes[22m | [39m[0m
[  36% ] [90m[1mupdate_scripts_classes[22m | [39m[0m
[  45% ] [90m[1mupdate_scripts_classes[22m | [39m[0m
[  54% ] [90m[1mupdate_scripts_classes[22m | [39m[0m
[  63% ] [90m[1mupdate_scripts_classes[22m | [39m[0m
[  72% ] [90m[1mupdate_scripts_classes[22m | [39m[0m
[  81% ] [90m[1mupdate_scripts_classes[22m | [39m[0m
[92m[ DONE ][39m [1mupdate_scripts_classes[22m
[0m
[   0% ] [90m[1m_update_scan_actions[22m | Started 正在扫描动作…… (210 steps)[39m[0m
[   0% ] [90m[1m_update_scan_actions[22m | user_reference.jpg[39m[0m
[   0% ] [90m[1m_update_scan_actions[22m | A0.glb[39m[0m
[   0% ] [90m[1m_update_scan_actions[22m | A1.glb[39m[0m
[   1% ] [90m[1m_update_scan_actions[22m | A1.svg[39m[0m
[   1% ] [90m[1m_update_scan_actions[22m | A1.wav[39m[0m
[   2% ] [90m[1m_update_scan_actions[22m | A2.glb[39m[0m
[   2% ] [90m[1m_update_scan_actions[22m | A2.svg[39m[0m
[   3% ] [90m[1m_update_scan_actions[22m | A2.wav[39m[0m
[   3% ] [90m[1m_update_scan_actions[22m | A3.glb[39m[0m
[   4% ] [90m[1m_update_scan_actions[22m | A3.svg[39m[0m
[   4% ] [90m[1m_update_scan_actions[22m | A3.wav[39m[0m
[   5% ] [90m[1m_update_scan_actions[22m | A4.glb[39m[0m
[   5% ] [90m[1m_update_scan_actions[22m | A4.svg[39m[0m
[   6% ] [90m[1m_update_scan_actions[22m | A4.wav[39m[0m
[   6% ] [90m[1m_update_scan_actions[22m | A5.glb[39m[0m
[   7% ] [90m[1m_update_scan_actions[22m | A5.svg[39m[0m
[   7% ] [90m[1m_update_scan_actions[22m | A5.wav[39m[0m
[   8% ] [90m[1m_update_scan_actions[22m | A6.glb[39m[0m
[   8% ] [90m[1m_update_scan_actions[22m | A6.svg[39m[0m
[   9% ] [90m[1m_update_scan_actions[22m | A6.wav[39m[0m
[   9% ] [90m[1m_update_scan_actions[22m | A7.glb[39m[0m
[   9% ] [90m[1m_update_scan_actions[22m | A7.svg[39m[0m
[  10% ] [90m[1m_update_scan_actions[22m | A7.wav[39m[0m
[  10% ] [90m[1m_update_scan_actions[22m | B0.glb[39m[0m
[  11% ] [90m[1m_update_scan_actions[22m | B1.glb[39m[0m
[  11% ] [90m[1m_update_scan_actions[22m | B1.svg[39m[0m
[  12% ] [90m[1m_update_scan_actions[22m | B1.wav[39m[0m
[  12% ] [90m[1m_update_scan_actions[22m | B2.glb[39m[0m
[  13% ] [90m[1m_update_scan_actions[22m | B2.svg[39m[0m
[  13% ] [90m[1m_update_scan_actions[22m | B2.wav[39m[0m
[  14% ] [90m[1m_update_scan_actions[22m | B3.glb[39m[0m
[  14% ] [90m[1m_update_scan_actions[22m | B3.svg[39m[0m
[  15% ] [90m[1m_update_scan_actions[22m | B3.wav[39m[0m
[  15% ] [90m[1m_update_scan_actions[22m | B4.glb[39m[0m
[  16% ] [90m[1m_update_scan_actions[22m | B4.svg[39m[0m
[  16% ] [90m[1m_update_scan_actions[22m | B4.wav[39m[0m
[  17% ] [90m[1m_update_scan_actions[22m | B5.glb[39m[0m
[  17% ] [90m[1m_update_scan_actions[22m | B5.svg[39m[0m
[  18% ] [90m[1m_update_scan_actions[22m | B5.wav[39m[0m
[  18% ] [90m[1m_update_scan_actions[22m | B6.glb[39m[0m
[  18% ] [90m[1m_update_scan_actions[22m | B6.svg[39m[0m
[  19% ] [90m[1m_update_scan_actions[22m | B6.wav[39m[0m
[  19% ] [90m[1m_update_scan_actions[22m | B7.glb[39m[0m
[  20% ] [90m[1m_update_scan_actions[22m | B7.svg[39m[0m
[  20% ] [90m[1m_update_scan_actions[22m | B7.wav[39m[0m
[  21% ] [90m[1m_update_scan_actions[22m | audio-lines.svg[39m[0m
[  21% ] [90m[1m_update_scan_actions[22m | cassette-tape.svg[39m[0m
[  22% ] [90m[1m_update_scan_actions[22m | map-pin.svg[39m[0m
[  22% ] [90m[1m_update_scan_actions[22m | mic.svg[39m[0m
[  23% ] [90m[1m_update_scan_actions[22m | play.svg[39m[0m
[  23% ] [90m[1m_update_scan_actions[22m | scissors.svg[39m[0m
[  24% ] [90m[1m_update_scan_actions[22m | 01.jpg[39m[0m
[  24% ] [90m[1m_update_scan_actions[22m | 02.jpg[39m[0m
[  25% ] [90m[1m_update_scan_actions[22m | 03.jpg[39m[0m
[  25% ] [90m[1m_update_scan_actions[22m | 04.jpg[39m[0m
[  26% ] [90m[1m_update_scan_actions[22m | 05.jpg[39m[0m
[  26% ] [90m[1m_update_scan_actions[22m | 06.jpg[39m[0m
[  27% ] [90m[1m_update_scan_actions[22m | 07.jpg[39m[0m
[  27% ] [90m[1m_update_scan_actions[22m | 08.jpg[39m[0m
[  27% ] [90m[1m_update_scan_actions[22m | 09.jpg[39m[0m
[  28% ] [90m[1m_update_scan_actions[22m | 10.jpg[39m[0m
[  28% ] [90m[1m_update_scan_actions[22m | 11.jpg[39m[0m
[  29% ] [90m[1m_update_scan_actions[22m | 12.jpg[39m[0m
[  29% ] [90m[1m_update_scan_actions[22m | 13.jpg[39m[0m
[  30% ] [90m[1m_update_scan_actions[22m | 14.jpg[39m[0m
[  30% ] [90m[1m_update_scan_actions[22m | 15.jpg[39m[0m
[  31% ] [90m[1m_update_scan_actions[22m | 16.jpg[39m[0m
[  31% ] [90m[1m_update_scan_actions[22m | 17.jpg[39m[0m
[  32% ] [90m[1m_update_scan_actions[22m | 18.jpg[39m[0m
[  32% ] [90m[1m_update_scan_actions[22m | 19.jpg[39m[0m
[  33% ] [90m[1m_update_scan_actions[22m | 20.jpg[39m[0m
[  33% ] [90m[1m_update_scan_actions[22m | 21.jpg[39m[0m
[  34% ] [90m[1m_update_scan_actions[22m | 22.jpg[39m[0m
[  34% ] [90m[1m_update_scan_actions[22m | 23.jpg[39m[0m
[  35% ] [90m[1m_update_scan_actions[22m | 24.jpg[39m[0m
[  35% ] [90m[1m_update_scan_actions[22m | 25.jpg[39m[0m
[  36% ] [90m[1m_update_scan_actions[22m | 26.jpg[39m[0m
[  36% ] [90m[1m_update_scan_actions[22m | 27.jpg[39m[0m
[  36% ] [90m[1m_update_scan_actions[22m | 28.jpg[39m[0m
[  37% ] [90m[1m_update_scan_actions[22m | 29.jpg[39m[0m
[  37% ] [90m[1m_update_scan_actions[22m | 30.jpg[39m[0m
[  38% ] [90m[1m_update_scan_actions[22m | 31.jpg[39m[0m
[  38% ] [90m[1m_update_scan_actions[22m | 32.jpg[39m[0m
[  39% ] [90m[1m_update_scan_actions[22m | 33.jpg[39m[0m
[  39% ] [90m[1m_update_scan_actions[22m | 34.jpg[39m[0m
[  40% ] [90m[1m_update_scan_actions[22m | 35.jpg[39m[0m
[  40% ] [90m[1m_update_scan_actions[22m | 36.jpg[39m[0m
[  41% ] [90m[1m_update_scan_actions[22m | 37.jpg[39m[0m
[  41% ] [90m[1m_update_scan_actions[22m | 38.jpg[39m[0m
[  42% ] [90m[1m_update_scan_actions[22m | 39.jpg[39m[0m
[  42% ] [90m[1m_update_scan_actions[22m | 40.jpg[39m[0m
[  43% ] [90m[1m_update_scan_actions[22m | 41.jpg[39m[0m
[  43% ] [90m[1m_update_scan_actions[22m | 42.jpg[39m[0m
[  44% ] [90m[1m_update_scan_actions[22m | 43.jpg[39m[0m
[  44% ] [90m[1m_update_scan_actions[22m | 44.jpg[39m[0m
[  45% ] [90m[1m_update_scan_actions[22m | 45.jpg[39m[0m
[  45% ] [90m[1m_update_scan_actions[22m | 46.jpg[39m[0m
[  45% ] [90m[1m_update_scan_actions[22m | 47.jpg[39m[0m
[  46% ] [90m[1m_update_scan_actions[22m | 48.jpg[39m[0m
[  46% ] [90m[1m_update_scan_actions[22m | 49.jpg[39m[0m
[  47% ] [90m[1m_update_scan_actions[22m | 50.jpg[39m[0m
[  47% ] [90m[1m_update_scan_actions[22m | 51.jpg[39m[0m
[  48% ] [90m[1m_update_scan_actions[22m | 52.jpg[39m[0m
[  48% ] [90m[1m_update_scan_actions[22m | 53.jpg[39m[0m
[  49% ] [90m[1m_update_scan_actions[22m | 54.jpg[39m[0m
[  49% ] [90m[1m_update_scan_actions[22m | 55.jpg[39m[0m
[  50% ] [90m[1m_update_scan_actions[22m | 56.jpg[39m[0m
[  50% ] [90m[1m_update_scan_actions[22m | 57.jpg[39m[0m
[  51% ] [90m[1m_update_scan_actions[22m | 58.jpg[39m[0m
[  51% ] [90m[1m_update_scan_actions[22m | 59.jpg[39m[0m
[  52% ] [90m[1m_update_scan_actions[22m | 60.jpg[39m[0m
[  52% ] [90m[1m_update_scan_actions[22m | 61.jpg[39m[0m
[  53% ] [90m[1m_update_scan_actions[22m | 62.jpg[39m[0m
[  53% ] [90m[1m_update_scan_actions[22m | 63.jpg[39m[0m
[  54% ] [90m[1m_update_scan_actions[22m | 64.jpg[39m[0m
[  54% ] [90m[1m_update_scan_actions[22m | 65.jpg[39m[0m
[  54% ] [90m[1m_update_scan_actions[22m | 66.jpg[39m[0m
[  55% ] [90m[1m_update_scan_actions[22m | 67.jpg[39m[0m
[  55% ] [90m[1m_update_scan_actions[22m | 68.jpg[39m[0m
[  56% ] [90m[1m_update_scan_actions[22m | 69.jpg[39m[0m
[  56% ] [90m[1m_update_scan_actions[22m | 70.jpg[39m[0m
[  57% ] [90m[1m_update_scan_actions[22m | 71.jpg[39m[0m
[  57% ] [90m[1m_update_scan_actions[22m | 72.jpg[39m[0m
[  58% ] [90m[1m_update_scan_actions[22m | 73.jpg[39m[0m
[  58% ] [90m[1m_update_scan_actions[22m | 74.jpg[39m[0m
[  59% ] [90m[1m_update_scan_actions[22m | 75.jpg[39m[0m
[  59% ] [90m[1m_update_scan_actions[22m | 76.jpg[39m[0m
[  60% ] [90m[1m_update_scan_actions[22m | 77.jpg[39m[0m
[  60% ] [90m[1m_update_scan_actions[22m | 78.jpg[39m[0m
[  61% ] [90m[1m_update_scan_actions[22m | 79.jpg[39m[0m
[  61% ] [90m[1m_update_scan_actions[22m | 80.jpg[39m[0m
[  62% ] [90m[1m_update_scan_actions[22m | 81.jpg[39m[0m
[  62% ] [90m[1m_update_scan_actions[22m | 82.jpg[39m[0m
[  63% ] [90m[1m_update_scan_actions[22m | 83.jpg[39m[0m
[  63% ] [90m[1m_update_scan_actions[22m | 84.jpg[39m[0m
[  63% ] [90m[1m_update_scan_actions[22m | 85.jpg[39m[0m
[  64% ] [90m[1m_update_scan_actions[22m | 86.jpg[39m[0m
[  64% ] [90m[1m_update_scan_actions[22m | 87.jpg[39m[0m
[  65% ] [90m[1m_update_scan_actions[22m | 88.jpg[39m[0m
[  65% ] [90m[1m_update_scan_actions[22m | 89.jpg[39m[0m
[  66% ] [90m[1m_update_scan_actions[22m | 90.jpg[39m[0m
[  66% ] [90m[1m_update_scan_actions[22m | 91.jpg[39m[0m
[  67% ] [90m[1m_update_scan_actions[22m | 92.jpg[39m[0m
[  67% ] [90m[1m_update_scan_actions[22m | 93.jpg[39m[0m
[  68% ] [90m[1m_update_scan_actions[22m | 94.jpg[39m[0m
[  68% ] [90m[1m_update_scan_actions[22m | 95.jpg[39m[0m
[  69% ] [90m[1m_update_scan_actions[22m | 96.jpg[39m[0m
[  69% ] [90m[1m_update_scan_actions[22m | 97.jpg[39m[0m
[  70% ] [90m[1m_update_scan_actions[22m | 98.jpg[39m[0m
[  70% ] [90m[1m_update_scan_actions[22m | 99.jpg[39m[0m
[  71% ] [90m[1m_update_scan_actions[22m | bird.ogg[39m[0m
[  71% ] [90m[1m_update_scan_actions[22m | fire.wav[39m[0m
[  72% ] [90m[1m_update_scan_actions[22m | metal.ogg[39m[0m
[  72% ] [90m[1m_update_scan_actions[22m | paper.ogg[39m[0m
[  72% ] [90m[1m_update_scan_actions[22m | rain.ogg[39m[0m
[  73% ] [90m[1m_update_scan_actions[22m | shop_lofi.ogg[39m[0m
[  73% ] [90m[1m_update_scan_actions[22m | water.wav[39m[0m
[  74% ] [90m[1m_update_scan_actions[22m | wind.wav[39m[0m
[  74% ] [90m[1m_update_scan_actions[22m | wood.ogg[39m[0m
[  75% ] [90m[1m_update_scan_actions[22m | Xiaolai-Regular.ttf[39m[0m
[  75% ] [90m[1m_update_scan_actions[22m | fishing_sea.jpg[39m[0m
[  76% ] [90m[1m_update_scan_actions[22m | check-off.svg[39m[0m
[  76% ] [90m[1m_update_scan_actions[22m | check-on.svg[39m[0m
[  77% ] [90m[1m_update_scan_actions[22m | cover-sea-mask.svg[39m[0m
[  77% ] [90m[1m_update_scan_actions[22m | cover-wind.wav[39m[0m
[  78% ] [90m[1m_update_scan_actions[22m | intro-sound-design.wav[39m[0m
[  78% ] [90m[1m_update_scan_actions[22m | paper-slider.svg[39m[0m
[  79% ] [90m[1m_update_scan_actions[22m | solmere-map-overview.jpg[39m[0m
[  79% ] [90m[1m_update_scan_actions[22m | start-handwritten.svg[39m[0m
[  80% ] [90m[1m_update_scan_actions[22m | bus_stop.jpg[39m[0m
[  80% ] [90m[1m_update_scan_actions[22m | lookout_approach.jpg[39m[0m
[  81% ] [90m[1m_update_scan_actions[22m | lookout_platform_supplied.jpg[39m[0m
[  81% ] [90m[1m_update_scan_actions[22m | lookout_screen_supplied.jpg[39m[0m
[  81% ] [90m[1m_update_scan_actions[22m | produce_stall_supplied.jpg[39m[0m
[  82% ] [90m[1m_update_scan_actions[22m | tarot_shop_source.jpg[39m[0m
[  82% ] [90m[1m_update_scan_actions[22m | v2_alarm.wav[39m[0m
[  83% ] [90m[1m_update_scan_actions[22m | v2_clink.wav[39m[0m
[  83% ] [90m[1m_update_scan_actions[22m | v2_drawer.wav[39m[0m
[  84% ] [90m[1m_update_scan_actions[22m | v2_paper.wav[39m[0m
[  84% ] [90m[1m_update_scan_actions[22m | v2_room.wav[39m[0m
[  85% ] [90m[1m_update_scan_actions[22m | v2_water.wav[39m[0m
[  85% ] [90m[1m_update_scan_actions[22m | back_001.ogg[39m[0m
[  86% ] [90m[1m_update_scan_actions[22m | click_001.ogg[39m[0m
[  86% ] [90m[1m_update_scan_actions[22m | click_003.ogg[39m[0m
[  87% ] [90m[1m_update_scan_actions[22m | click_005.ogg[39m[0m
[  87% ] [90m[1m_update_scan_actions[22m | confirmation_001.ogg[39m[0m
[  88% ] [90m[1m_update_scan_actions[22m | confirmation_002.ogg[39m[0m
[  88% ] [90m[1m_update_scan_actions[22m | error_004.ogg[39m[0m
[  89% ] [90m[1m_update_scan_actions[22m | scroll_001.ogg[39m[0m
[  89% ] [90m[1m_update_scan_actions[22m | select_001.ogg[39m[0m
[  90% ] [90m[1m_update_scan_actions[22m | switch_002.ogg[39m[0m
[  90% ] [90m[1m_update_scan_actions[22m | switch_003.ogg[39m[0m
[  90% ] [90m[1m_update_scan_actions[22m | bookClose.ogg[39m[0m
[  91% ] [90m[1m_update_scan_actions[22m | bookFlip1.ogg[39m[0m
[  91% ] [90m[1m_update_scan_actions[22m | bookFlip2.ogg[39m[0m
[  92% ] [90m[1m_update_scan_actions[22m | bookFlip3.ogg[39m[0m
[  92% ] [90m[1m_update_scan_actions[22m | bookOpen.ogg[39m[0m
[  93% ] [90m[1m_update_scan_actions[22m | chop.ogg[39m[0m
[  93% ] [90m[1m_update_scan_actions[22m | cloth1.ogg[39m[0m
[  94% ] [90m[1m_update_scan_actions[22m | cloth2.ogg[39m[0m
[  94% ] [90m[1m_update_scan_actions[22m | doorClose_1.ogg[39m[0m
[  95% ] [90m[1m_update_scan_actions[22m | doorOpen_1.ogg[39m[0m
[  95% ] [90m[1m_update_scan_actions[22m | handleCoins2.ogg[39m[0m
[  96% ] [90m[1m_update_scan_actions[22m | handleCoins.ogg[39m[0m
[  96% ] [90m[1m_update_scan_actions[22m | metalPot1.ogg[39m[0m
[  97% ] [90m[1m_update_scan_actions[22m | metalPot2.ogg[39m[0m
[  97% ] [90m[1m_update_scan_actions[22m | observatory_placeholder.svg[39m[0m
[  98% ] [90m[1m_update_scan_actions[22m | photo_placeholder.svg[39m[0m
[  98% ] [90m[1m_update_scan_actions[22m | crab.glb[39m[0m
[  99% ] [90m[1m_update_scan_actions[22m | cygnus_loop.glb[39m[0m
[92m[ DONE ][39m [1m_update_scan_actions[22m
[0m
[   0% ] [90m[1mreimport[22m | Started 正在导入或重新导入资产 (210 steps)[39m[0m
[   0% ] [90m[1mreimport[22m | 正在准备重新导入文件……[39m[0m
[   0% ] [90m[1mreimport[22m | 正在准备重新导入文件……[39m[0m
[   0% ] [90m[1mreimport[22m | 正在准备重新导入文件……[39m[0m
[   1% ] [90m[1mreimport[22m | 正在准备重新导入文件……[39m[0m
[   1% ] [90m[1mreimport[22m | 正在准备重新导入文件……[39m[0m
[   2% ] [90m[1mreimport[22m | 正在准备重新导入文件……[39m[0m
[   2% ] [90m[1mreimport[22m | 正在准备重新导入文件……[39m[0m
[   3% ] [90m[1mreimport[22m | 正在准备重新导入文件……[39m[0m
[   3% ] [90m[1mreimport[22m | 正在准备重新导入文件……[39m[0m
[   4% ] [90m[1mreimport[22m | 正在准备重新导入文件……[39m[0m
[   4% ] [90m[1mreimport[22m | 正在准备重新导入文件……[39m[0m
[   5% ] [90m[1mreimport[22m | 正在准备重新导入文件……[39m[0m
[   5% ] [90m[1mreimport[22m | 正在准备重新导入文件……[39m[0m
[   6% ] [90m[1mreimport[22m | 正在准备重新导入文件……[39m[0m
[   6% ] [90m[1mreimport[22m | 正在准备重新导入文件……[39m[0m
[   7% ] [90m[1mreimport[22m | 正在准备重新导入文件……[39m[0m
[   7% ] [90m[1mreimport[22m | 正在准备重新导入文件……[39m[0m
[   8% ] [90m[1mreimport[22m | 正在准备重新导入文件……[39m[0m
[   8% ] [90m[1mreimport[22m | 正在准备重新导入文件……[39m[0m
[   9% ] [90m[1mreimport[22m | 正在准备重新导入文件……[39m[0m
[   9% ] [90m[1mreimport[22m | 正在准备重新导入文件……[39m[0m
[   9% ] [90m[1mreimport[22m | 正在准备重新导入文件……[39m[0m
[  10% ] [90m[1mreimport[22m | 正在准备重新导入文件……[39m[0m
[  10% ] [90m[1mreimport[22m | 正在准备重新导入文件……[39m[0m
[  11% ] [90m[1mreimport[22m | 正在准备重新导入文件……[39m[0m
[  11% ] [90m[1mreimport[22m | 正在准备重新导入文件……[39m[0m
[  12% ] [90m[1mreimport[22m | 正在准备重新导入文件……[39m[0m
[  12% ] [90m[1mreimport[22m | 正在准备重新导入文件……[39m[0m
[  13% ] [90m[1mreimport[22m | 正在准备重新导入文件……[39m[0m
[  13% ] [90m[1mreimport[22m | 正在准备重新导入文件……[39m[0m
[  14% ] [90m[1mreimport[22m | 正在准备重新导入文件……[39m[0m
[  14% ] [90m[1mreimport[22m | 正在准备重新导入文件……[39m[0m
[  15% ] [90m[1mreimport[22m | 正在准备重新导入文件……[39m[0m
[  15% ] [90m[1mreimport[22m | 正在准备重新导入文件……[39m[0m
[  16% ] [90m[1mreimport[22m | 正在准备重新导入文件……[39m[0m
[  16% ] [90m[1mreimport[22m | 正在准备重新导入文件……[39m[0m
[  17% ] [90m[1mreimport[22m | 正在准备重新导入文件……[39m[0m
[  17% ] [90m[1mreimport[22m | 正在准备重新导入文件……[39m[0m
[  18% ] [90m[1mreimport[22m | 正在准备重新导入文件……[39m[0m
[  18% ] [90m[1mreimport[22m | 正在准备重新导入文件……[39m[0m
[  18% ] [90m[1mreimport[22m | 正在准备重新导入文件……[39m[0m
[  19% ] [90m[1mreimport[22m | 正在准备重新导入文件……[39m[0m
[  19% ] [90m[1mreimport[22m | 正在准备重新导入文件……[39m[0m
[  20% ] [90m[1mreimport[22m | 正在准备重新导入文件……[39m[0m
[  20% ] [90m[1mreimport[22m | 正在准备重新导入文件……[39m[0m
[  21% ] [90m[1mreimport[22m | 正在准备重新导入文件……[39m[0m
[  21% ] [90m[1mreimport[22m | 正在准备重新导入文件……[39m[0m
[  22% ] [90m[1mreimport[22m | 正在准备重新导入文件……[39m[0m
[  22% ] [90m[1mreimport[22m | 正在准备重新导入文件……[39m[0m
[  23% ] [90m[1mreimport[22m | 正在准备重新导入文件……[39m[0m
[  23% ] [90m[1mreimport[22m | 正在准备重新导入文件……[39m[0m
[  24% ] [90m[1mreimport[22m | 正在准备重新导入文件……[39m[0m
[  24% ] [90m[1mreimport[22m | 正在准备重新导入文件……[39m[0m
[  25% ] [90m[1mreimport[22m | 正在准备重新导入文件……[39m[0m
[  25% ] [90m[1mreimport[22m | 正在准备重新导入文件……[39m[0m
[  26% ] [90m[1mreimport[22m | 正在准备重新导入文件……[39m[0m
[  26% ] [90m[1mreimport[22m | 正在准备重新导入文件……[39m[0m
[  27% ] [90m[1mreimport[22m | 正在准备重新导入文件……[39m[0m
[  27% ] [90m[1mreimport[22m | 正在准备重新导入文件……[39m[0m
[  27% ] [90m[1mreimport[22m | 正在准备重新导入文件……[39m[0m
[  28% ] [90m[1mreimport[22m | 正在准备重新导入文件……[39m[0m
[  28% ] [90m[1mreimport[22m | 正在准备重新导入文件……[39m[0m
[  29% ] [90m[1mreimport[22m | 正在准备重新导入文件……[39m[0m
[  29% ] [90m[1mreimport[22m | 正在准备重新导入文件……[39m[0m
[  30% ] [90m[1mreimport[22m | 正在准备重新导入文件……[39m[0m
[  30% ] [90m[1mreimport[22m | 正在准备重新导入文件……[39m[0m
[  31% ] [90m[1mreimport[22m | 正在准备重新导入文件……[39m[0m
[  31% ] [90m[1mreimport[22m | 正在准备重新导入文件……[39m[0m
[  32% ] [90m[1mreimport[22m | 正在准备重新导入文件……[39m[0m
[  32% ] [90m[1mreimport[22m | 正在准备重新导入文件……[39m[0m
[  33% ] [90m[1mreimport[22m | 正在准备重新导入文件……[39m[0m
[  33% ] [90m[1mreimport[22m | 正在准备重新导入文件……[39m[0m
[  34% ] [90m[1mreimport[22m | 正在准备重新导入文件……[39m[0m
[  34% ] [90m[1mreimport[22m | 正在准备重新导入文件……[39m[0m
[  35% ] [90m[1mreimport[22m | 正在准备重新导入文件……[39m[0m
[  35% ] [90m[1mreimport[22m | 正在准备重新导入文件……[39m[0m
[  36% ] [90m[1mreimport[22m | 正在准备重新导入文件……[39m[0m
[  36% ] [90m[1mreimport[22m | 正在准备重新导入文件……[39m[0m
[  36% ] [90m[1mreimport[22m | 正在准备重新导入文件……[39m[0m
[  37% ] [90m[1mreimport[22m | 正在准备重新导入文件……[39m[0m
[  37% ] [90m[1mreimport[22m | 正在准备重新导入文件……[39m[0m
[  38% ] [90m[1mreimport[22m | 正在准备重新导入文件……[39m[0m
[  38% ] [90m[1mreimport[22m | 正在准备重新导入文件……[39m[0m
[  39% ] [90m[1mreimport[22m | 正在准备重新导入文件……[39m[0m
[  39% ] [90m[1mreimport[22m | 正在准备重新导入文件……[39m[0m
[  40% ] [90m[1mreimport[22m | 正在准备重新导入文件……[39m[0m
[  40% ] [90m[1mreimport[22m | 正在准备重新导入文件……[39m[0m
[  41% ] [90m[1mreimport[22m | 正在准备重新导入文件……[39m[0m
[  41% ] [90m[1mreimport[22m | 正在准备重新导入文件……[39m[0m
[  42% ] [90m[1mreimport[22m | 正在准备重新导入文件……[39m[0m
[  42% ] [90m[1mreimport[22m | 正在准备重新导入文件……[39m[0m
[  43% ] [90m[1mreimport[22m | 正在准备重新导入文件……[39m[0m
[  43% ] [90m[1mreimport[22m | 正在准备重新导入文件……[39m[0m
[  44% ] [90m[1mreimport[22m | 正在准备重新导入文件……[39m[0m
[  44% ] [90m[1mreimport[22m | 正在准备重新导入文件……[39m[0m
[  45% ] [90m[1mreimport[22m | 正在准备重新导入文件……[39m[0m
[  45% ] [90m[1mreimport[22m | 正在准备重新导入文件……[39m[0m
[  45% ] [90m[1mreimport[22m | 正在准备重新导入文件……[39m[0m
[  46% ] [90m[1mreimport[22m | 正在准备重新导入文件……[39m[0m
[  46% ] [90m[1mreimport[22m | 正在准备重新导入文件……[39m[0m
[  47% ] [90m[1mreimport[22m | 正在准备重新导入文件……[39m[0m
[  47% ] [90m[1mreimport[22m | 正在准备重新导入文件……[39m[0m
[  48% ] [90m[1mreimport[22m | 正在准备重新导入文件……[39m[0m
[  48% ] [90m[1mreimport[22m | 正在准备重新导入文件……[39m[0m
[  49% ] [90m[1mreimport[22m | 正在准备重新导入文件……[39m[0m
[  49% ] [90m[1mreimport[22m | 正在准备重新导入文件……[39m[0m
[  50% ] [90m[1mreimport[22m | 正在准备重新导入文件……[39m[0m
[  50% ] [90m[1mreimport[22m | 正在准备重新导入文件……[39m[0m
[  51% ] [90m[1mreimport[22m | 正在准备重新导入文件……[39m[0m
[  51% ] [90m[1mreimport[22m | 正在准备重新导入文件……[39m[0m
[  52% ] [90m[1mreimport[22m | 正在准备重新导入文件……[39m[0m
[  52% ] [90m[1mreimport[22m | 正在准备重新导入文件……[39m[0m
[  53% ] [90m[1mreimport[22m | 正在准备重新导入文件……[39m[0m
[  53% ] [90m[1mreimport[22m | 正在准备重新导入文件……[39m[0m
[  54% ] [90m[1mreimport[22m | 正在准备重新导入文件……[39m[0m
[  54% ] [90m[1mreimport[22m | 正在准备重新导入文件……[39m[0m
[  54% ] [90m[1mreimport[22m | 正在准备重新导入文件……[39m[0m
[  55% ] [90m[1mreimport[22m | 正在准备重新导入文件……[39m[0m
[  55% ] [90m[1mreimport[22m | 正在准备重新导入文件……[39m[0m
[  56% ] [90m[1mreimport[22m | 正在准备重新导入文件……[39m[0m
[  56% ] [90m[1mreimport[22m | 正在准备重新导入文件……[39m[0m
[  57% ] [90m[1mreimport[22m | 正在准备重新导入文件……[39m[0m
[  57% ] [90m[1mreimport[22m | 正在准备重新导入文件……[39m[0m
[  58% ] [90m[1mreimport[22m | 正在准备重新导入文件……[39m[0m
[  58% ] [90m[1mreimport[22m | 正在准备重新导入文件……[39m[0m
[  59% ] [90m[1mreimport[22m | 正在准备重新导入文件……[39m[0m
[  59% ] [90m[1mreimport[22m | 正在准备重新导入文件……[39m[0m
[  60% ] [90m[1mreimport[22m | 正在准备重新导入文件……[39m[0m
[  60% ] [90m[1mreimport[22m | 正在准备重新导入文件……[39m[0m
[  61% ] [90m[1mreimport[22m | 正在准备重新导入文件……[39m[0m
[  61% ] [90m[1mreimport[22m | 正在准备重新导入文件……[39m[0m
[  62% ] [90m[1mreimport[22m | 正在准备重新导入文件……[39m[0m
[  62% ] [90m[1mreimport[22m | 正在准备重新导入文件……[39m[0m
[  63% ] [90m[1mreimport[22m | 正在准备重新导入文件……[39m[0m
[  63% ] [90m[1mreimport[22m | 正在准备重新导入文件……[39m[0m
[  63% ] [90m[1mreimport[22m | 正在准备重新导入文件……[39m[0m
[  64% ] [90m[1mreimport[22m | 正在准备重新导入文件……[39m[0m
[  64% ] [90m[1mreimport[22m | 正在准备重新导入文件……[39m[0m
[  65% ] [90m[1mreimport[22m | 正在准备重新导入文件……[39m[0m
[  65% ] [90m[1mreimport[22m | 正在准备重新导入文件……[39m[0m
[  66% ] [90m[1mreimport[22m | 正在准备重新导入文件……[39m[0m
[  66% ] [90m[1mreimport[22m | 正在准备重新导入文件……[39m[0m
[  67% ] [90m[1mreimport[22m | 正在准备重新导入文件……[39m[0m
[  67% ] [90m[1mreimport[22m | 正在准备重新导入文件……[39m[0m
[  68% ] [90m[1mreimport[22m | 正在准备重新导入文件……[39m[0m
[  68% ] [90m[1mreimport[22m | 正在准备重新导入文件……[39m[0m
[  69% ] [90m[1mreimport[22m | 正在准备重新导入文件……[39m[0m
[  69% ] [90m[1mreimport[22m | 正在准备重新导入文件……[39m[0m
[  70% ] [90m[1mreimport[22m | 正在准备重新导入文件……[39m[0m
[  70% ] [90m[1mreimport[22m | 正在准备重新导入文件……[39m[0m
[  71% ] [90m[1mreimport[22m | 正在准备重新导入文件……[39m[0m
[  71% ] [90m[1mreimport[22m | 正在准备重新导入文件……[39m[0m
[  72% ] [90m[1mreimport[22m | 正在准备重新导入文件……[39m[0m
[  72% ] [90m[1mreimport[22m | 正在准备重新导入文件……[39m[0m
[  72% ] [90m[1mreimport[22m | 正在准备重新导入文件……[39m[0m
[  73% ] [90m[1mreimport[22m | 正在准备重新导入文件……[39m[0m
[  73% ] [90m[1mreimport[22m | 正在准备重新导入文件……[39m[0m
[  74% ] [90m[1mreimport[22m | 正在准备重新导入文件……[39m[0m
[  74% ] [90m[1mreimport[22m | 正在准备重新导入文件……[39m[0m
[  75% ] [90m[1mreimport[22m | 正在准备重新导入文件……[39m[0m
[  75% ] [90m[1mreimport[22m | 正在准备重新导入文件……[39m[0m
[  76% ] [90m[1mreimport[22m | 正在准备重新导入文件……[39m[0m
[  76% ] [90m[1mreimport[22m | 正在准备重新导入文件……[39m[0m
[  77% ] [90m[1mreimport[22m | 正在准备重新导入文件……[39m[0m
[  77% ] [90m[1mreimport[22m | 正在准备重新导入文件……[39m[0m
[  78% ] [90m[1mreimport[22m | 正在准备重新导入文件……[39m[0m
[  78% ] [90m[1mreimport[22m | 正在准备重新导入文件……[39m[0m
[  79% ] [90m[1mreimport[22m | 正在准备重新导入文件……[39m[0m
[  79% ] [90m[1mreimport[22m | 正在准备重新导入文件……[39m[0m
[  80% ] [90m[1mreimport[22m | 正在准备重新导入文件……[39m[0m
[  80% ] [90m[1mreimport[22m | 正在准备重新导入文件……[39m[0m
[  81% ] [90m[1mreimport[22m | 正在准备重新导入文件……[39m[0m
[  81% ] [90m[1mreimport[22m | 正在准备重新导入文件……[39m[0m
[  81% ] [90m[1mreimport[22m | 正在准备重新导入文件……[39m[0m
[  82% ] [90m[1mreimport[22m | 正在准备重新导入文件……[39m[0m
[  82% ] [90m[1mreimport[22m | 正在准备重新导入文件……[39m[0m
[  83% ] [90m[1mreimport[22m | 正在准备重新导入文件……[39m[0m
[  83% ] [90m[1mreimport[22m | 正在准备重新导入文件……[39m[0m
[  84% ] [90m[1mreimport[22m | 正在准备重新导入文件……[39m[0m
[  84% ] [90m[1mreimport[22m | 正在准备重新导入文件……[39m[0m
[  85% ] [90m[1mreimport[22m | 正在准备重新导入文件……[39m[0m
[  85% ] [90m[1mreimport[22m | 正在准备重新导入文件……[39m[0m
[  86% ] [90m[1mreimport[22m | 正在准备重新导入文件……[39m[0m
[  86% ] [90m[1mreimport[22m | 正在准备重新导入文件……[39m[0m
[  87% ] [90m[1mreimport[22m | 正在准备重新导入文件……[39m[0m
[  87% ] [90m[1mreimport[22m | 正在准备重新导入文件……[39m[0m
[  88% ] [90m[1mreimport[22m | 正在准备重新导入文件……[39m[0m
[  88% ] [90m[1mreimport[22m | 正在准备重新导入文件……[39m[0m
[  89% ] [90m[1mreimport[22m | 正在准备重新导入文件……[39m[0m
[  89% ] [90m[1mreimport[22m | 正在准备重新导入文件……[39m[0m
[  90% ] [90m[1mreimport[22m | 正在准备重新导入文件……[39m[0m
[  90% ] [90m[1mreimport[22m | 正在准备重新导入文件……[39m[0m
[  90% ] [90m[1mreimport[22m | 正在准备重新导入文件……[39m[0m
[  91% ] [90m[1mreimport[22m | 正在准备重新导入文件……[39m[0m
[  91% ] [90m[1mreimport[22m | 正在准备重新导入文件……[39m[0m
[  92% ] [90m[1mreimport[22m | 正在准备重新导入文件……[39m[0m
[  92% ] [90m[1mreimport[22m | 正在准备重新导入文件……[39m[0m
[  93% ] [90m[1mreimport[22m | 正在准备重新导入文件……[39m[0m
[  93% ] [90m[1mreimport[22m | 正在准备重新导入文件……[39m[0m
[  94% ] [90m[1mreimport[22m | 正在准备重新导入文件……[39m[0m
[  94% ] [90m[1mreimport[22m | 正在准备重新导入文件……[39m[0m
[  95% ] [90m[1mreimport[22m | 正在准备重新导入文件……[39m[0m
[  95% ] [90m[1mreimport[22m | 正在准备重新导入文件……[39m[0m
[  96% ] [90m[1mreimport[22m | 正在准备重新导入文件……[39m[0m
[  96% ] [90m[1mreimport[22m | 正在准备重新导入文件……[39m[0m
[  97% ] [90m[1mreimport[22m | 正在准备重新导入文件……[39m[0m
[  97% ] [90m[1mreimport[22m | 正在准备重新导入文件……[39m[0m
[  98% ] [90m[1mreimport[22m | 正在准备重新导入文件……[39m[0m
[  98% ] [90m[1mreimport[22m | 正在准备重新导入文件……[39m[0m
[  99% ] [90m[1mreimport[22m | 正在准备重新导入文件……[39m[0m
[   0% ] [90m[1mreimport[22m | 正在执行重新导入的前置操作……[39m[0m
[   0% ] [90m[1mpreload_reimporting_scene[22m | Started 正在准备重新加载场景 (1 steps)[39m[0m
[   0% ] [90m[1mpreload_reimporting_scene[22m | 正在分析场景 [空][39m[0m
[  50% ] [90m[1mpreload_reimporting_scene[22m | 准备完成。[39m[0m
[92m[ DONE ][39m [1mpreload_reimporting_scene[22m
[0m
[   0% ] [90m[1mreimport[22m | cygnus_loop.glb[39m[0m
[   0% ] [90m[1mreimport[22m | crab.glb[39m[0m
[   0% ] [90m[1mreimport[22m | Xiaolai-Regular.ttf[39m[0m
[   1% ] [90m[1mreimport[22m | cygnus_loop.glb[39m[0m
[   1% ] [90m[1mreimport[22m | crab.glb[39m[0m
[   2% ] [90m[1mreimport[22m | Xiaolai-Regular.ttf[39m[0m
[   2% ] [90m[1mreimport[22m | switch_002.ogg[39m[0m
[   3% ] [90m[1mreimport[22m | select_001.ogg[39m[0m
[   3% ] [90m[1mreimport[22m | scroll_001.ogg[39m[0m
[   4% ] [90m[1mreimport[22m | error_004.ogg[39m[0m
[   4% ] [90m[1mreimport[22m | confirmation_002.ogg[39m[0m
[   5% ] [90m[1mreimport[22m | confirmation_001.ogg[39m[0m
[   5% ] [90m[1mreimport[22m | click_005.ogg[39m[0m
[   6% ] [90m[1mreimport[22m | click_003.ogg[39m[0m
[   6% ] [90m[1mreimport[22m | click_001.ogg[39m[0m
[   7% ] [90m[1mreimport[22m | back_001.ogg[39m[0m
[   7% ] [90m[1mreimport[22m | wood.ogg[39m[0m
[   8% ] [90m[1mreimport[22m | shop_lofi.ogg[39m[0m
[   8% ] [90m[1mreimport[22m | rain.ogg[39m[0m
[   9% ] [90m[1mreimport[22m | paper.ogg[39m[0m
[   9% ] [90m[1mreimport[22m | metal.ogg[39m[0m
[   9% ] [90m[1mreimport[22m | bird.ogg[39m[0m
[  10% ] [90m[1mreimport[22m | handleCoins2.ogg[39m[0m
[  10% ] [90m[1mreimport[22m | handleCoins.ogg[39m[0m
[  11% ] [90m[1mreimport[22m | metalPot1.ogg[39m[0m
[  11% ] [90m[1mreimport[22m | metalPot2.ogg[39m[0m
[  12% ] [90m[1mreimport[22m | doorOpen_1.ogg[39m[0m
[  12% ] [90m[1mreimport[22m | doorClose_1.ogg[39m[0m
[  13% ] [90m[1mreimport[22m | cloth2.ogg[39m[0m
[  13% ] [90m[1mreimport[22m | cloth1.ogg[39m[0m
[  14% ] [90m[1mreimport[22m | chop.ogg[39m[0m
[  14% ] [90m[1mreimport[22m | bookOpen.ogg[39m[0m
[  15% ] [90m[1mreimport[22m | bookFlip3.ogg[39m[0m
[  15% ] [90m[1mreimport[22m | bookFlip2.ogg[39m[0m
[  16% ] [90m[1mreimport[22m | cygnus_loop.glb[39m[0m
[  16% ] [90m[1mreimport[22m | cygnus_loop.glb[39m[0m
[  16% ] [90m[1mreimport[22m | crab.glb[39m[0m
[  17% ] [90m[1mreimport[22m | Xiaolai-Regular.ttf[39m[0m
[  17% ] [90m[1mreimport[22m | switch_002.ogg[39m[0m
[  18% ] [90m[1mreimport[22m | select_001.ogg[39m[0m
[  18% ] [90m[1mreimport[22m | scroll_001.ogg[39m[0m
[  18% ] [90m[1mreimport[22m | error_004.ogg[39m[0m
[  19% ] [90m[1mreimport[22m | confirmation_002.ogg[39m[0m
[  19% ] [90m[1mreimport[22m | confirmation_001.ogg[39m[0m
[  20% ] [90m[1mreimport[22m | click_005.ogg[39m[0m
[  20% ] [90m[1mreimport[22m | click_003.ogg[39m[0m
[  21% ] [90m[1mreimport[22m | click_001.ogg[39m[0m
[  21% ] [90m[1mreimport[22m | back_001.ogg[39m[0m
[  22% ] [90m[1mreimport[22m | wood.ogg[39m[0m
[  22% ] [90m[1mreimport[22m | shop_lofi.ogg[39m[0m
[  23% ] [90m[1mreimport[22m | rain.ogg[39m[0m
[  23% ] [90m[1mreimport[22m | paper.ogg[39m[0m
[  24% ] [90m[1mreimport[22m | metal.ogg[39m[0m
[  24% ] [90m[1mreimport[22m | bird.ogg[39m[0m
[  25% ] [90m[1mreimport[22m | handleCoins2.ogg[39m[0m
[  25% ] [90m[1mreimport[22m | handleCoins.ogg[39m[0m
[  26% ] [90m[1mreimport[22m | metalPot1.ogg[39m[0m
[  26% ] [90m[1mreimport[22m | metalPot2.ogg[39m[0m
[  27% ] [90m[1mreimport[22m | doorOpen_1.ogg[39m[0m
[  27% ] [90m[1mreimport[22m | doorClose_1.ogg[39m[0m
[  27% ] [90m[1mreimport[22m | cloth2.ogg[39m[0m
[  28% ] [90m[1mreimport[22m | cloth1.ogg[39m[0m
[  28% ] [90m[1mreimport[22m | chop.ogg[39m[0m
[  29% ] [90m[1mreimport[22m | bookOpen.ogg[39m[0m
[  29% ] [90m[1mreimport[22m | bookFlip3.ogg[39m[0m
[  30% ] [90m[1mreimport[22m | bookFlip2.ogg[39m[0m
[  30% ] [90m[1mreimport[22m | bookFlip1.ogg[39m[0m
[  31% ] [90m[1mreimport[22m | bookClose.ogg[39m[0m
[  31% ] [90m[1mreimport[22m | switch_003.ogg[39m[0m
[  32% ] [90m[1mreimport[22m | 68.jpg[39m[0m
[  32% ] [90m[1mreimport[22m | 67.jpg[39m[0m
[  33% ] [90m[1mreimport[22m | 80.jpg[39m[0m
[  33% ] [90m[1mreimport[22m | 81.jpg[39m[0m
[  34% ] [90m[1mreimport[22m | 66.jpg[39m[0m
[  34% ] [90m[1mreimport[22m | 69.jpg[39m[0m
[  35% ] [90m[1mreimport[22m | 70.jpg[39m[0m
[  35% ] [90m[1mreimport[22m | 71.jpg[39m[0m
[  36% ] [90m[1mreimport[22m | 72.jpg[39m[0m
[  36% ] [90m[1mreimport[22m | 73.jpg[39m[0m
[  36% ] [90m[1mreimport[22m | 74.jpg[39m[0m
[  37% ] [90m[1mreimport[22m | 75.jpg[39m[0m
[  37% ] [90m[1mreimport[22m | 76.jpg[39m[0m
[  38% ] [90m[1mreimport[22m | 77.jpg[39m[0m
[  38% ] [90m[1mreimport[22m | 78.jpg[39m[0m
[  39% ] [90m[1mreimport[22m | 79.jpg[39m[0m
[  39% ] [90m[1mreimport[22m | 65.jpg[39m[0m
[  40% ] [90m[1mreimport[22m | 64.jpg[39m[0m
[  40% ] [90m[1mreimport[22m | 63.jpg[39m[0m
[  41% ] [90m[1mreimport[22m | 62.jpg[39m[0m
[  41% ] [90m[1mreimport[22m | 61.jpg[39m[0m
[  42% ] [90m[1mreimport[22m | 60.jpg[39m[0m
[  42% ] [90m[1mreimport[22m | 59.jpg[39m[0m
[  43% ] [90m[1mreimport[22m | 58.jpg[39m[0m
[  43% ] [90m[1mreimport[22m | 57.jpg[39m[0m
[  44% ] [90m[1mreimport[22m | 56.jpg[39m[0m
[  44% ] [90m[1mreimport[22m | 55.jpg[39m[0m
[  45% ] [90m[1mreimport[22m | 54.jpg[39m[0m
[  45% ] [90m[1mreimport[22m | 53.jpg[39m[0m
[  45% ] [90m[1mreimport[22m | 52.jpg[39m[0m
[  46% ] [90m[1mreimport[22m | 51.jpg[39m[0m
[  46% ] [90m[1mreimport[22m | 50.jpg[39m[0m
[  47% ] [90m[1mreimport[22m | photo_placeholder.svg[39m[0m
[  47% ] [90m[1mreimport[22m | observatory_placeholder.svg[39m[0m
[  48% ] [90m[1mreimport[22m | tarot_shop_source.jpg[39m[0m
[  48% ] [90m[1mreimport[22m | produce_stall_supplied.jpg[39m[0m
[  49% ] [90m[1mreimport[22m | lookout_screen_supplied.jpg[39m[0m
[  49% ] [90m[1mreimport[22m | lookout_platform_supplied.jpg[39m[0m
[  50% ] [90m[1mreimport[22m | lookout_approach.jpg[39m[0m
[  50% ] [90m[1mreimport[22m | bus_stop.jpg[39m[0m
[  51% ] [90m[1mreimport[22m | start-handwritten.svg[39m[0m
[  51% ] [90m[1mreimport[22m | solmere-map-overview.jpg[39m[0m
[  52% ] [90m[1mreimport[22m | paper-slider.svg[39m[0m
[  52% ] [90m[1mreimport[22m | cover-sea-mask.svg[39m[0m
[  53% ] [90m[1mreimport[22m | check-on.svg[39m[0m
[  53% ] [90m[1mreimport[22m | check-off.svg[39m[0m
[  54% ] [90m[1mreimport[22m | fishing_sea.jpg[39m[0m
[  54% ] [90m[1mreimport[22m | 99.jpg[39m[0m
[  54% ] [90m[1mreimport[22m | 82.jpg[39m[0m
[  55% ] [90m[1mreimport[22m | 83.jpg[39m[0m
[  55% ] [90m[1mreimport[22m | 84.jpg[39m[0m
[  56% ] [90m[1mreimport[22m | 85.jpg[39m[0m
[  56% ] [90m[1mreimport[22m | 86.jpg[39m[0m
[  57% ] [90m[1mreimport[22m | 87.jpg[39m[0m
[  57% ] [90m[1mreimport[22m | 88.jpg[39m[0m
[  58% ] [90m[1mreimport[22m | 89.jpg[39m[0m
[  58% ] [90m[1mreimport[22m | 90.jpg[39m[0m
[  59% ] [90m[1mreimport[22m | 91.jpg[39m[0m
[  59% ] [90m[1mreimport[22m | 92.jpg[39m[0m
[  60% ] [90m[1mreimport[22m | 93.jpg[39m[0m
[  60% ] [90m[1mreimport[22m | 94.jpg[39m[0m
[  61% ] [90m[1mreimport[22m | 95.jpg[39m[0m
[  61% ] [90m[1mreimport[22m | 96.jpg[39m[0m
[  62% ] [90m[1mreimport[22m | 97.jpg[39m[0m
[  62% ] [90m[1mreimport[22m | 98.jpg[39m[0m
[  63% ] [90m[1mreimport[22m | mic.svg[39m[0m
[  63% ] [90m[1mreimport[22m | play.svg[39m[0m
[  63% ] [90m[1mreimport[22m | scissors.svg[39m[0m
[  64% ] [90m[1mreimport[22m | 01.jpg[39m[0m
[  64% ] [90m[1mreimport[22m | 02.jpg[39m[0m
[  65% ] [90m[1mreimport[22m | 03.jpg[39m[0m
[  65% ] [90m[1mreimport[22m | 04.jpg[39m[0m
[  66% ] [90m[1mreimport[22m | 05.jpg[39m[0m
[  66% ] [90m[1mreimport[22m | 06.jpg[39m[0m
[  67% ] [90m[1mreimport[22m | 07.jpg[39m[0m
[  67% ] [90m[1mreimport[22m | 08.jpg[39m[0m
[  68% ] [90m[1mreimport[22m | 09.jpg[39m[0m
[  68% ] [90m[1mreimport[22m | 10.jpg[39m[0m
[  69% ] [90m[1mreimport[22m | 11.jpg[39m[0m
[  69% ] [90m[1mreimport[22m | 12.jpg[39m[0m
[  70% ] [90m[1mreimport[22m | 13.jpg[39m[0m
[  70% ] [90m[1mreimport[22m | 14.jpg[39m[0m
[  71% ] [90m[1mreimport[22m | user_reference.jpg[39m[0m
[  71% ] [90m[1mreimport[22m | A1.svg[39m[0m
[  72% ] [90m[1mreimport[22m | A2.svg[39m[0m
[  72% ] [90m[1mreimport[22m | A3.svg[39m[0m
[  72% ] [90m[1mreimport[22m | A4.svg[39m[0m
[  73% ] [90m[1mreimport[22m | A5.svg[39m[0m
[  73% ] [90m[1mreimport[22m | A6.svg[39m[0m
[  74% ] [90m[1mreimport[22m | A7.svg[39m[0m
[  74% ] [90m[1mreimport[22m | B1.svg[39m[0m
[  75% ] [90m[1mreimport[22m | B2.svg[39m[0m
[  75% ] [90m[1mreimport[22m | B3.svg[39m[0m
[  76% ] [90m[1mreimport[22m | B4.svg[39m[0m
[  76% ] [90m[1mreimport[22m | B5.svg[39m[0m
[  77% ] [90m[1mreimport[22m | B6.svg[39m[0m
[  77% ] [90m[1mreimport[22m | B7.svg[39m[0m
[  78% ] [90m[1mreimport[22m | audio-lines.svg[39m[0m
[  78% ] [90m[1mreimport[22m | cassette-tape.svg[39m[0m
[  79% ] [90m[1mreimport[22m | map-pin.svg[39m[0m
[  79% ] [90m[1mreimport[22m | 32.jpg[39m[0m
[  80% ] [90m[1mreimport[22m | cygnus_loop.glb[39m[0m
[  80% ] [90m[1mreimport[22m | crab.glb[39m[0m
[  81% ] [90m[1mreimport[22m | Xiaolai-Regular.ttf[39m[0m
[  81% ] [90m[1mreimport[22m | switch_002.ogg[39m[0m
[  81% ] [90m[1mreimport[22m | select_001.ogg[39m[0m
[  82% ] [90m[1mreimport[22m | scroll_001.ogg[39m[0m
[  82% ] [90m[1mreimport[22m | error_004.ogg[39m[0m
[  83% ] [90m[1mreimport[22m | confirmation_002.ogg[39m[0m
[  83% ] [90m[1mreimport[22m | confirmation_001.ogg[39m[0m
[  84% ] [90m[1mreimport[22m | click_005.ogg[39m[0m
[  84% ] [90m[1mreimport[22m | click_003.ogg[39m[0m
[  85% ] [90m[1mreimport[22m | click_001.ogg[39m[0m
[  85% ] [90m[1mreimport[22m | back_001.ogg[39m[0m
[  86% ] [90m[1mreimport[22m | wood.ogg[39m[0m
[  86% ] [90m[1mreimport[22m | shop_lofi.ogg[39m[0m
[  87% ] [90m[1mreimport[22m | rain.ogg[39m[0m
[  87% ] [90m[1mreimport[22m | paper.ogg[39m[0m
[  88% ] [90m[1mreimport[22m | metal.ogg[39m[0m
[  88% ] [90m[1mreimport[22m | bird.ogg[39m[0m
[  89% ] [90m[1mreimport[22m | handleCoins2.ogg[39m[0m
[  89% ] [90m[1mreimport[22m | handleCoins.ogg[39m[0m
[  90% ] [90m[1mreimport[22m | metalPot1.ogg[39m[0m
[  90% ] [90m[1mreimport[22m | metalPot2.ogg[39m[0m
[  90% ] [90m[1mreimport[22m | doorOpen_1.ogg[39m[0m
[  91% ] [90m[1mreimport[22m | doorClose_1.ogg[39m[0m
[  91% ] [90m[1mreimport[22m | B5.glb[39m[0m
[   0% ] [90m[1mimport[22m | Started 导入场景 (104 steps)[39m[0m
[   0% ] [90m[1mimport[22m | 导入场景中...[39m[0m
[   1% ] [90m[1mimport[22m | 执行自定义脚本...[39m[0m
[  99% ] [90m[1mimport[22m | 保存中...[39m[0m
[92m[ DONE ][39m [1mimport[22m
[0m
[  92% ] [90m[1mreimport[22m | A2.glb[39m[0m
[   0% ] [90m[1mimport[22m | Started 导入场景 (104 steps)[39m[0m
[   0% ] [90m[1mimport[22m | 导入场景中...[39m[0m
[   1% ] [90m[1mimport[22m | 执行自定义脚本...[39m[0m
[  99% ] [90m[1mimport[22m | 保存中...[39m[0m
[92m[ DONE ][39m [1mimport[22m
[0m
[  92% ] [90m[1mreimport[22m | A1.glb[39m[0m
[   0% ] [90m[1mimport[22m | Started 导入场景 (104 steps)[39m[0m
[   0% ] [90m[1mimport[22m | 导入场景中...[39m[0m
[   1% ] [90m[1mimport[22m | 执行自定义脚本...[39m[0m
[  99% ] [90m[1mimport[22m | 保存中...[39m[0m
[92m[ DONE ][39m [1mimport[22m
[0m
[  93% ] [90m[1mreimport[22m | A0.glb[39m[0m
[   0% ] [90m[1mimport[22m | Started 导入场景 (104 steps)[39m[0m
[   0% ] [90m[1mimport[22m | 导入场景中...[39m[0m
[   1% ] [90m[1mimport[22m | 执行自定义脚本...[39m[0m
[  99% ] [90m[1mimport[22m | 保存中...[39m[0m
[92m[ DONE ][39m [1mimport[22m
[0m
[  93% ] [90m[1mreimport[22m | A3.glb[39m[0m
[   0% ] [90m[1mimport[22m | Started 导入场景 (104 steps)[39m[0m
[   0% ] [90m[1mimport[22m | 导入场景中...[39m[0m
[   1% ] [90m[1mimport[22m | 执行自定义脚本...[39m[0m
[  99% ] [90m[1mimport[22m | 保存中...[39m[0m
[92m[ DONE ][39m [1mimport[22m
[0m
[  94% ] [90m[1mreimport[22m | B4.glb[39m[0m
[   0% ] [90m[1mimport[22m | Started 导入场景 (104 steps)[39m[0m
[   0% ] [90m[1mimport[22m | 导入场景中...[39m[0m
[   1% ] [90m[1mimport[22m | 执行自定义脚本...[39m[0m
[  99% ] [90m[1mimport[22m | 保存中...[39m[0m
[92m[ DONE ][39m [1mimport[22m
[0m
[  94% ] [90m[1mreimport[22m | A4.glb[39m[0m
[   0% ] [90m[1mimport[22m | Started 导入场景 (104 steps)[39m[0m
[   0% ] [90m[1mimport[22m | 导入场景中...[39m[0m
[   1% ] [90m[1mimport[22m | 执行自定义脚本...[39m[0m
[  99% ] [90m[1mimport[22m | 保存中...[39m[0m
[92m[ DONE ][39m [1mimport[22m
[0m
[  95% ] [90m[1mreimport[22m | B6.glb[39m[0m
[   0% ] [90m[1mimport[22m | Started 导入场景 (104 steps)[39m[0m
[   0% ] [90m[1mimport[22m | 导入场景中...[39m[0m
[   1% ] [90m[1mimport[22m | 执行自定义脚本...[39m[0m
[  99% ] [90m[1mimport[22m | 保存中...[39m[0m
[92m[ DONE ][39m [1mimport[22m
[0m
[  95% ] [90m[1mreimport[22m | B3.glb[39m[0m
[   0% ] [90m[1mimport[22m | Started 导入场景 (104 steps)[39m[0m
[   0% ] [90m[1mimport[22m | 导入场景中...[39m[0m
[   1% ] [90m[1mimport[22m | 执行自定义脚本...[39m[0m
[  99% ] [90m[1mimport[22m | 保存中...[39m[0m
[92m[ DONE ][39m [1mimport[22m
[0m
[  96% ] [90m[1mreimport[22m | A5.glb[39m[0m
[   0% ] [90m[1mimport[22m | Started 导入场景 (104 steps)[39m[0m
[   0% ] [90m[1mimport[22m | 导入场景中...[39m[0m
[   1% ] [90m[1mimport[22m | 执行自定义脚本...[39m[0m
[  99% ] [90m[1mimport[22m | 保存中...[39m[0m
[92m[ DONE ][39m [1mimport[22m
[0m
[  96% ] [90m[1mreimport[22m | A6.glb[39m[0m
[   0% ] [90m[1mimport[22m | Started 导入场景 (104 steps)[39m[0m
[   0% ] [90m[1mimport[22m | 导入场景中...[39m[0m
[   1% ] [90m[1mimport[22m | 执行自定义脚本...[39m[0m
[  99% ] [90m[1mimport[22m | 保存中...[39m[0m
[92m[ DONE ][39m [1mimport[22m
[0m
[  97% ] [90m[1mreimport[22m | A7.glb[39m[0m
[   0% ] [90m[1mimport[22m | Started 导入场景 (104 steps)[39m[0m
[   0% ] [90m[1mimport[22m | 导入场景中...[39m[0m
[   1% ] [90m[1mimport[22m | 执行自定义脚本...[39m[0m
[  99% ] [90m[1mimport[22m | 保存中...[39m[0m
[92m[ DONE ][39m [1mimport[22m
[0m
[  97% ] [90m[1mreimport[22m | B7.glb[39m[0m
[   0% ] [90m[1mimport[22m | Started 导入场景 (104 steps)[39m[0m
[   0% ] [90m[1mimport[22m | 导入场景中...[39m[0m
[   1% ] [90m[1mimport[22m | 执行自定义脚本...[39m[0m
[  99% ] [90m[1mimport[22m | 保存中...[39m[0m
[92m[ DONE ][39m [1mimport[22m
[0m
[  98% ] [90m[1mreimport[22m | B0.glb[39m[0m
[   0% ] [90m[1mimport[22m | Started 导入场景 (104 steps)[39m[0m
[   0% ] [90m[1mimport[22m | 导入场景中...[39m[0m
[   1% ] [90m[1mimport[22m | 执行自定义脚本...[39m[0m
[  99% ] [90m[1mimport[22m | 保存中...[39m[0m
[92m[ DONE ][39m [1mimport[22m
[0m
[  98% ] [90m[1mreimport[22m | B1.glb[39m[0m
[   0% ] [90m[1mimport[22m | Started 导入场景 (104 steps)[39m[0m
[   0% ] [90m[1mimport[22m | 导入场景中...[39m[0m
[   1% ] [90m[1mimport[22m | 执行自定义脚本...[39m[0m
[  99% ] [90m[1mimport[22m | 保存中...[39m[0m
[92m[ DONE ][39m [1mimport[22m
[0m
[  99% ] [90m[1mreimport[22m | B2.glb[39m[0m
[   0% ] [90m[1mimport[22m | Started 导入场景 (104 steps)[39m[0m
[   0% ] [90m[1mimport[22m | 导入场景中...[39m[0m
[   1% ] [90m[1mimport[22m | 执行自定义脚本...[39m[0m
[  99% ] [90m[1mimport[22m | 保存中...[39m[0m
[92m[ DONE ][39m [1mimport[22m
[0m
[  99% ] [90m[1mreimport[22m | 正在结束资产导入……[39m[0m
[92m[ DONE ][39m [1mreimport[22m
[0m
[   0% ] [90m[1mreimport[22m | Started 正在导入或重新导入资产 (210 steps)[39m[0m
[   0% ] [90m[1mreimport[22m | 正在执行重新导入的后置操作……[39m[0m
[92m[ DONE ][39m [1mreimport[22m
[0m
[   0% ] [90m[1mloading_editor_layout[22m | Started 正在加载编辑器 (5 steps)[39m[0m
[   0% ] [90m[1mloading_editor_layout[22m | 正在加载编辑器布局……[39m[0m
[  16% ] [90m[1mloading_editor_layout[22m | 正在加载停靠面板……[39m[0m
[92m[ DONE ][39m [1mloading_editor_layout[22m
[0m
