Godot Engine v4.7.2.stable.official.ed1daf0bf - https://godotengine.org

[   0% ] [90m[1mfirst_scan_filesystem[22m | Started 项目初始化 (5 steps)[39m[0m
[   0% ] [90m[1mfirst_scan_filesystem[22m | 正在扫描文件结构……[39m[0m
[  16% ] [90m[1mfirst_scan_filesystem[22m | 正在加载全局类名……[39m[0m
[  33% ] [90m[1mfirst_scan_filesystem[22m | 正在校验 GDExtension……[39m[0m
[  50% ] [90m[1mfirst_scan_filesystem[22m | 正在创建自动加载脚本……[39m[0m
[  66% ] [90m[1mfirst_scan_filesystem[22m | 正在初始化插件……[39m[0m
[  83% ] [90m[1mfirst_scan_filesystem[22m | 正在启动文件扫描……[39m[0m
[92m[ DONE ][39m [1mfirst_scan_filesystem[22m
[0m
[   0% ] [90m[1mupdate_scripts_classes[22m | Started 正在注册全局类…… (6 steps)[39m[0m
[   0% ] [90m[1mupdate_scripts_classes[22m | [39m[0m
[  14% ] [90m[1mupdate_scripts_classes[22m | [39m[0m
[  28% ] [90m[1mupdate_scripts_classes[22m | [39m[0m
[  42% ] [90m[1mupdate_scripts_classes[22m | [39m[0m
[  57% ] [90m[1mupdate_scripts_classes[22m | [39m[0m
[  71% ] [90m[1mupdate_scripts_classes[22m | [39m[0m
[92m[ DONE ][39m [1mupdate_scripts_classes[22m
[0m
[   0% ] [90m[1m_update_scan_actions[22m | Started 正在扫描动作…… (103 steps)[39m[0m
[   0% ] [90m[1m_update_scan_actions[22m | 00-opening-kitchen.png[39m[0m
[   0% ] [90m[1m_update_scan_actions[22m | 01-order.png[39m[0m
[   1% ] [90m[1m_update_scan_actions[22m | 02-handwritten-title.png[39m[0m
[   2% ] [90m[1m_update_scan_actions[22m | 02-storage.png[39m[0m
[   3% ] [90m[1m_update_scan_actions[22m | 03-completed-drawings.png[39m[0m
[   4% ] [90m[1m_update_scan_actions[22m | 03-cut-and-toss.png[39m[0m
[   5% ] [90m[1m_update_scan_actions[22m | 04-cooked.png[39m[0m
[   6% ] [90m[1m_update_scan_actions[22m | 04-saved-reader.png[39m[0m
[   7% ] [90m[1m_update_scan_actions[22m | 05-final-page.png[39m[0m
[   8% ] [90m[1m_update_scan_actions[22m | 05-plating.png[39m[0m
[   9% ] [90m[1m_update_scan_actions[22m | 06-dish-photo.png[39m[0m
[  10% ] [90m[1m_update_scan_actions[22m | 07-feedback.png[39m[0m
[  11% ] [90m[1m_update_scan_actions[22m | 08-poster.png[39m[0m
[  12% ] [90m[1m_update_scan_actions[22m | 09-cleaning.png[39m[0m
[  13% ] [90m[1m_update_scan_actions[22m | 10-lid-steam.png[39m[0m
[  14% ] [90m[1m_update_scan_actions[22m | 10-soup-bowl.png[39m[0m
[  15% ] [90m[1m_update_scan_actions[22m | 11-receipt.png[39m[0m
[  16% ] [90m[1m_update_scan_actions[22m | 00-opening-kitchen.png[39m[0m
[  17% ] [90m[1m_update_scan_actions[22m | 01-order.png[39m[0m
[  18% ] [90m[1m_update_scan_actions[22m | 02-handwritten-title.png[39m[0m
[  19% ] [90m[1m_update_scan_actions[22m | 02-storage.png[39m[0m
[  20% ] [90m[1m_update_scan_actions[22m | 03-completed-drawings.png[39m[0m
[  21% ] [90m[1m_update_scan_actions[22m | 03-cut-and-toss.png[39m[0m
[  22% ] [90m[1m_update_scan_actions[22m | 04-cooked.png[39m[0m
[  23% ] [90m[1m_update_scan_actions[22m | 04-saved-reader.png[39m[0m
[  24% ] [90m[1m_update_scan_actions[22m | 05-final-page.png[39m[0m
[  25% ] [90m[1m_update_scan_actions[22m | 05-plating.png[39m[0m
[  25% ] [90m[1m_update_scan_actions[22m | 06-dish-photo.png[39m[0m
[  26% ] [90m[1m_update_scan_actions[22m | 07-feedback.png[39m[0m
[  27% ] [90m[1m_update_scan_actions[22m | 08-poster.png[39m[0m
[  28% ] [90m[1m_update_scan_actions[22m | 09-cleaning.png[39m[0m
[  29% ] [90m[1m_update_scan_actions[22m | 10-lid-steam.png[39m[0m
[  30% ] [90m[1m_update_scan_actions[22m | 10-soup-bowl.png[39m[0m
[  31% ] [90m[1m_update_scan_actions[22m | 11-receipt.png[39m[0m
[  32% ] [90m[1m_update_scan_actions[22m | 12-melting.png[39m[0m
[  33% ] [90m[1m_update_scan_actions[22m | 13-spoon.png[39m[0m
[  34% ] [90m[1m_update_scan_actions[22m | 14-lid-warning.png[39m[0m
[  35% ] [90m[1m_update_scan_actions[22m | 15-lid-danger.png[39m[0m
[  36% ] [90m[1m_update_scan_actions[22m | 16-lid-blast.png[39m[0m
[  37% ] [90m[1m_update_scan_actions[22m | 17-burnt-food.png[39m[0m
[  38% ] [90m[1m_update_scan_actions[22m | 18-burnt-review.png[39m[0m
[  39% ] [90m[1m_update_scan_actions[22m | 19-overflow-from-rim.png[39m[0m
[  40% ] [90m[1m_update_scan_actions[22m | 20-rising-water.png[39m[0m
[  41% ] [90m[1m_update_scan_actions[22m | 21-full-flood.png[39m[0m
[  42% ] [90m[1m_update_scan_actions[22m | 22-drained-room.png[39m[0m
[  43% ] [90m[1m_update_scan_actions[22m | 23-spill.png[39m[0m
[  44% ] [90m[1m_update_scan_actions[22m | 24-odd-combination.png[39m[0m
[  45% ] [90m[1m_update_scan_actions[22m | 25-odd-review.png[39m[0m
[  46% ] [90m[1m_update_scan_actions[22m | 26-paper-craft.png[39m[0m
[  47% ] [90m[1m_update_scan_actions[22m | 27-recipe-exchange.png[39m[0m
[  48% ] [90m[1m_update_scan_actions[22m | 28-completed-guide.png[39m[0m
[  49% ] [90m[1m_update_scan_actions[22m | 实验料理实拍.png[39m[0m
[  50% ] [90m[1m_update_scan_actions[22m | encoded-3s.png[39m[0m
[  50% ] [90m[1m_update_scan_actions[22m | encoded-22s.png[39m[0m
[  51% ] [90m[1m_update_scan_actions[22m | encoded-47s.png[39m[0m
[  52% ] [90m[1m_update_scan_actions[22m | encoded-76s.png[39m[0m
[  53% ] [90m[1m_update_scan_actions[22m | encoded-107s.png[39m[0m
[  54% ] [90m[1m_update_scan_actions[22m | encoded-139s.png[39m[0m
[  55% ] [90m[1m_update_scan_actions[22m | encoded-162s.png[39m[0m
[  56% ] [90m[1m_update_scan_actions[22m | encoded-188s.png[39m[0m
[  57% ] [90m[1m_update_scan_actions[22m | encoded-216s.png[39m[0m
[  58% ] [90m[1m_update_scan_actions[22m | encoded-247s.png[39m[0m
[  59% ] [90m[1m_update_scan_actions[22m | encoded-276s.png[39m[0m
[  60% ] [90m[1m_update_scan_actions[22m | encoded-301s.png[39m[0m
[  61% ] [90m[1m_update_scan_actions[22m | encoded-330s.png[39m[0m
[  62% ] [90m[1m_update_scan_actions[22m | encoded-375s.png[39m[0m
[  63% ] [90m[1m_update_scan_actions[22m | encoded-420s.png[39m[0m
[  64% ] [90m[1m_update_scan_actions[22m | encoded-465s.png[39m[0m
[  65% ] [90m[1m_update_scan_actions[22m | encoded-510s.png[39m[0m
[  66% ] [90m[1m_update_scan_actions[22m | encoded-532s.png[39m[0m
[  67% ] [90m[1m_update_scan_actions[22m | encoded-548s.png[39m[0m
[  68% ] [90m[1m_update_scan_actions[22m | encoded-555s.png[39m[0m
[  69% ] [90m[1m_update_scan_actions[22m | encoded-600s.png[39m[0m
[  70% ] [90m[1m_update_scan_actions[22m | encoded-644s.png[39m[0m
[  71% ] [90m[1m_update_scan_actions[22m | encoded-645s.png[39m[0m
[  72% ] [90m[1m_update_scan_actions[22m | encoded-690s.png[39m[0m
[  73% ] [90m[1m_update_scan_actions[22m | encoded-707s.png[39m[0m
[  74% ] [90m[1m_update_scan_actions[22m | encoded-724s.png[39m[0m
[  75% ] [90m[1m_update_scan_actions[22m | encoded-735s.png[39m[0m
[  75% ] [90m[1m_update_scan_actions[22m | encoded-739s.png[39m[0m
[  76% ] [90m[1m_update_scan_actions[22m | encoded-780s.png[39m[0m
[  77% ] [90m[1m_update_scan_actions[22m | encoded-825s.png[39m[0m
[  78% ] [90m[1m_update_scan_actions[22m | encoded-870s.png[39m[0m
[  79% ] [90m[1m_update_scan_actions[22m | encoded-915s.png[39m[0m
[  80% ] [90m[1m_update_scan_actions[22m | encoded-960s.png[39m[0m
[  81% ] [90m[1m_update_scan_actions[22m | encoded-964s.png[39m[0m
[  82% ] [90m[1m_update_scan_actions[22m | join-0.0s.png[39m[0m
[  83% ] [90m[1m_update_scan_actions[22m | join-896.0s.png[39m[0m
[  84% ] [90m[1m_update_scan_actions[22m | join-918.0s.png[39m[0m
[  85% ] [90m[1m_update_scan_actions[22m | join-933.0s.png[39m[0m
[  86% ] [90m[1m_update_scan_actions[22m | join-955.9s.png[39m[0m
[  87% ] [90m[1m_update_scan_actions[22m | join-969.5s.png[39m[0m
[  88% ] [90m[1m_update_scan_actions[22m | feedback-end.png[39m[0m
[  89% ] [90m[1m_update_scan_actions[22m | feedback.png[39m[0m
[  90% ] [90m[1m_update_scan_actions[22m | help-end.png[39m[0m
[  91% ] [90m[1m_update_scan_actions[22m | help.png[39m[0m
[  92% ] [90m[1m_update_scan_actions[22m | intro.png[39m[0m
[  93% ] [90m[1m_update_scan_actions[22m | order.png[39m[0m
[  94% ] [90m[1m_update_scan_actions[22m | receipt.png[39m[0m
[  95% ] [90m[1m_update_scan_actions[22m | recipe.png[39m[0m
[  96% ] [90m[1m_update_scan_actions[22m | small-help-end.png[39m[0m
[  97% ] [90m[1m_update_scan_actions[22m | small-help.png[39m[0m
[  98% ] [90m[1m_update_scan_actions[22m | small-intro.png[39m[0m
[92m[ DONE ][39m [1m_update_scan_actions[22m
[0m
[   0% ] [90m[1mreimport[22m | Started 正在导入或重新导入资产 (103 steps)[39m[0m
[   0% ] [90m[1mreimport[22m | 正在准备重新导入文件……[39m[0m
[   0% ] [90m[1mreimport[22m | 正在准备重新导入文件……[39m[0m
[   1% ] [90m[1mreimport[22m | 正在准备重新导入文件……[39m[0m
[   2% ] [90m[1mreimport[22m | 正在准备重新导入文件……[39m[0m
[   3% ] [90m[1mreimport[22m | 正在准备重新导入文件……[39m[0m
[   4% ] [90m[1mreimport[22m | 正在准备重新导入文件……[39m[0m
[   5% ] [90m[1mreimport[22m | 正在准备重新导入文件……[39m[0m
[   6% ] [90m[1mreimport[22m | 正在准备重新导入文件……[39m[0m
[   7% ] [90m[1mreimport[22m | 正在准备重新导入文件……[39m[0m
[   8% ] [90m[1mreimport[22m | 正在准备重新导入文件……[39m[0m
[   9% ] [90m[1mreimport[22m | 正在准备重新导入文件……[39m[0m
[  10% ] [90m[1mreimport[22m | 正在准备重新导入文件……[39m[0m
[  11% ] [90m[1mreimport[22m | 正在准备重新导入文件……[39m[0m
[  12% ] [90m[1mreimport[22m | 正在准备重新导入文件……[39m[0m
[  13% ] [90m[1mreimport[22m | 正在准备重新导入文件……[39m[0m
[  14% ] [90m[1mreimport[22m | 正在准备重新导入文件……[39m[0m
[  15% ] [90m[1mreimport[22m | 正在准备重新导入文件……[39m[0m
[  16% ] [90m[1mreimport[22m | 正在准备重新导入文件……[39m[0m
[  17% ] [90m[1mreimport[22m | 正在准备重新导入文件……[39m[0m
[  18% ] [90m[1mreimport[22m | 正在准备重新导入文件……[39m[0m
[  19% ] [90m[1mreimport[22m | 正在准备重新导入文件……[39m[0m
[  20% ] [90m[1mreimport[22m | 正在准备重新导入文件……[39m[0m
[  21% ] [90m[1mreimport[22m | 正在准备重新导入文件……[39m[0m
[  22% ] [90m[1mreimport[22m | 正在准备重新导入文件……[39m[0m
[  23% ] [90m[1mreimport[22m | 正在准备重新导入文件……[39m[0m
[  24% ] [90m[1mreimport[22m | 正在准备重新导入文件……[39m[0m
[  25% ] [90m[1mreimport[22m | 正在准备重新导入文件……[39m[0m
[  25% ] [90m[1mreimport[22m | 正在准备重新导入文件……[39m[0m
[  26% ] [90m[1mreimport[22m | 正在准备重新导入文件……[39m[0m
[  27% ] [90m[1mreimport[22m | 正在准备重新导入文件……[39m[0m
[  28% ] [90m[1mreimport[22m | 正在准备重新导入文件……[39m[0m
[  29% ] [90m[1mreimport[22m | 正在准备重新导入文件……[39m[0m
[  30% ] [90m[1mreimport[22m | 正在准备重新导入文件……[39m[0m
[  31% ] [90m[1mreimport[22m | 正在准备重新导入文件……[39m[0m
[  32% ] [90m[1mreimport[22m | 正在准备重新导入文件……[39m[0m
[  33% ] [90m[1mreimport[22m | 正在准备重新导入文件……[39m[0m
[  34% ] [90m[1mreimport[22m | 正在准备重新导入文件……[39m[0m
[  35% ] [90m[1mreimport[22m | 正在准备重新导入文件……[39m[0m
[  36% ] [90m[1mreimport[22m | 正在准备重新导入文件……[39m[0m
[  37% ] [90m[1mreimport[22m | 正在准备重新导入文件……[39m[0m
[  38% ] [90m[1mreimport[22m | 正在准备重新导入文件……[39m[0m
[  39% ] [90m[1mreimport[22m | 正在准备重新导入文件……[39m[0m
[  40% ] [90m[1mreimport[22m | 正在准备重新导入文件……[39m[0m
[  41% ] [90m[1mreimport[22m | 正在准备重新导入文件……[39m[0m
[  42% ] [90m[1mreimport[22m | 正在准备重新导入文件……[39m[0m
[  43% ] [90m[1mreimport[22m | 正在准备重新导入文件……[39m[0m
[  44% ] [90m[1mreimport[22m | 正在准备重新导入文件……[39m[0m
[  45% ] [90m[1mreimport[22m | 正在准备重新导入文件……[39m[0m
[  46% ] [90m[1mreimport[22m | 正在准备重新导入文件……[39m[0m
[  47% ] [90m[1mreimport[22m | 正在准备重新导入文件……[39m[0m
[  48% ] [90m[1mreimport[22m | 正在准备重新导入文件……[39m[0m
[  49% ] [90m[1mreimport[22m | 正在准备重新导入文件……[39m[0m
[  50% ] [90m[1mreimport[22m | 正在准备重新导入文件……[39m[0m
[  50% ] [90m[1mreimport[22m | 正在准备重新导入文件……[39m[0m
[  51% ] [90m[1mreimport[22m | 正在准备重新导入文件……[39m[0m
[  52% ] [90m[1mreimport[22m | 正在准备重新导入文件……[39m[0m
[  53% ] [90m[1mreimport[22m | 正在准备重新导入文件……[39m[0m
[  54% ] [90m[1mreimport[22m | 正在准备重新导入文件……[39m[0m
[  55% ] [90m[1mreimport[22m | 正在准备重新导入文件……[39m[0m
[  56% ] [90m[1mreimport[22m | 正在准备重新导入文件……[39m[0m
[  57% ] [90m[1mreimport[22m | 正在准备重新导入文件……[39m[0m
[  58% ] [90m[1mreimport[22m | 正在准备重新导入文件……[39m[0m
[  59% ] [90m[1mreimport[22m | 正在准备重新导入文件……[39m[0m
[  60% ] [90m[1mreimport[22m | 正在准备重新导入文件……[39m[0m
[  61% ] [90m[1mreimport[22m | 正在准备重新导入文件……[39m[0m
[  62% ] [90m[1mreimport[22m | 正在准备重新导入文件……[39m[0m
[  63% ] [90m[1mreimport[22m | 正在准备重新导入文件……[39m[0m
[  64% ] [90m[1mreimport[22m | 正在准备重新导入文件……[39m[0m
[  65% ] [90m[1mreimport[22m | 正在准备重新导入文件……[39m[0m
[  66% ] [90m[1mreimport[22m | 正在准备重新导入文件……[39m[0m
[  67% ] [90m[1mreimport[22m | 正在准备重新导入文件……[39m[0m
[  68% ] [90m[1mreimport[22m | 正在准备重新导入文件……[39m[0m
[  69% ] [90m[1mreimport[22m | 正在准备重新导入文件……[39m[0m
[  70% ] [90m[1mreimport[22m | 正在准备重新导入文件……[39m[0m
[  71% ] [90m[1mreimport[22m | 正在准备重新导入文件……[39m[0m
[  72% ] [90m[1mreimport[22m | 正在准备重新导入文件……[39m[0m
[  73% ] [90m[1mreimport[22m | 正在准备重新导入文件……[39m[0m
[  74% ] [90m[1mreimport[22m | 正在准备重新导入文件……[39m[0m
[  75% ] [90m[1mreimport[22m | 正在准备重新导入文件……[39m[0m
[  75% ] [90m[1mreimport[22m | 正在准备重新导入文件……[39m[0m
[  76% ] [90m[1mreimport[22m | 正在准备重新导入文件……[39m[0m
[  77% ] [90m[1mreimport[22m | 正在准备重新导入文件……[39m[0m
[  78% ] [90m[1mreimport[22m | 正在准备重新导入文件……[39m[0m
[  79% ] [90m[1mreimport[22m | 正在准备重新导入文件……[39m[0m
[  80% ] [90m[1mreimport[22m | 正在准备重新导入文件……[39m[0m
[  81% ] [90m[1mreimport[22m | 正在准备重新导入文件……[39m[0m
[  82% ] [90m[1mreimport[22m | 正在准备重新导入文件……[39m[0m
[  83% ] [90m[1mreimport[22m | 正在准备重新导入文件……[39m[0m
[  84% ] [90m[1mreimport[22m | 正在准备重新导入文件……[39m[0m
[  85% ] [90m[1mreimport[22m | 正在准备重新导入文件……[39m[0m
[  86% ] [90m[1mreimport[22m | 正在准备重新导入文件……[39m[0m
[  87% ] [90m[1mreimport[22m | 正在准备重新导入文件……[39m[0m
[  88% ] [90m[1mreimport[22m | 正在准备重新导入文件……[39m[0m
[  89% ] [90m[1mreimport[22m | 正在准备重新导入文件……[39m[0m
[  90% ] [90m[1mreimport[22m | 正在准备重新导入文件……[39m[0m
[  91% ] [90m[1mreimport[22m | 正在准备重新导入文件……[39m[0m
[  92% ] [90m[1mreimport[22m | 正在准备重新导入文件……[39m[0m
[  93% ] [90m[1mreimport[22m | 正在准备重新导入文件……[39m[0m
[  94% ] [90m[1mreimport[22m | 正在准备重新导入文件……[39m[0m
[  95% ] [90m[1mreimport[22m | 正在准备重新导入文件……[39m[0m
[  96% ] [90m[1mreimport[22m | 正在准备重新导入文件……[39m[0m
[  97% ] [90m[1mreimport[22m | 正在准备重新导入文件……[39m[0m
[  98% ] [90m[1mreimport[22m | 正在准备重新导入文件……[39m[0m
[   0% ] [90m[1mreimport[22m | 正在执行重新导入的前置操作……[39m[0m
[   0% ] [90m[1mreimport[22m | encoded-707s.png[39m[0m
[   0% ] [90m[1mreimport[22m | encoded-690s.png[39m[0m
[   1% ] [90m[1mreimport[22m | encoded-645s.png[39m[0m
[   2% ] [90m[1mreimport[22m | encoded-644s.png[39m[0m
[   3% ] [90m[1mreimport[22m | encoded-600s.png[39m[0m
[   4% ] [90m[1mreimport[22m | encoded-555s.png[39m[0m
[   5% ] [90m[1mreimport[22m | encoded-548s.png[39m[0m
[   6% ] [90m[1mreimport[22m | encoded-532s.png[39m[0m
[   7% ] [90m[1mreimport[22m | encoded-510s.png[39m[0m
[   8% ] [90m[1mreimport[22m | encoded-465s.png[39m[0m
[   9% ] [90m[1mreimport[22m | encoded-420s.png[39m[0m
[  10% ] [90m[1mreimport[22m | encoded-375s.png[39m[0m
[  11% ] [90m[1mreimport[22m | encoded-330s.png[39m[0m
[  12% ] [90m[1mreimport[22m | encoded-301s.png[39m[0m
[  13% ] [90m[1mreimport[22m | encoded-276s.png[39m[0m
[  14% ] [90m[1mreimport[22m | encoded-247s.png[39m[0m
[  15% ] [90m[1mreimport[22m | encoded-216s.png[39m[0m
[  16% ] [90m[1mreimport[22m | encoded-188s.png[39m[0m
[  17% ] [90m[1mreimport[22m | encoded-162s.png[39m[0m
[  18% ] [90m[1mreimport[22m | encoded-139s.png[39m[0m
[  19% ] [90m[1mreimport[22m | encoded-107s.png[39m[0m
[  20% ] [90m[1mreimport[22m | encoded-76s.png[39m[0m
[  21% ] [90m[1mreimport[22m | encoded-47s.png[39m[0m
[  22% ] [90m[1mreimport[22m | encoded-22s.png[39m[0m
[  23% ] [90m[1mreimport[22m | encoded-3s.png[39m[0m
[  24% ] [90m[1mreimport[22m | small-intro.png[39m[0m
[  25% ] [90m[1mreimport[22m | small-help.png[39m[0m
[  25% ] [90m[1mreimport[22m | small-help-end.png[39m[0m
[  26% ] [90m[1mreimport[22m | recipe.png[39m[0m
[  27% ] [90m[1mreimport[22m | receipt.png[39m[0m
[  28% ] [90m[1mreimport[22m | order.png[39m[0m
[  29% ] [90m[1mreimport[22m | intro.png[39m[0m
[  30% ] [90m[1mreimport[22m | help.png[39m[0m
[  31% ] [90m[1mreimport[22m | help-end.png[39m[0m
[  32% ] [90m[1mreimport[22m | feedback.png[39m[0m
[  33% ] [90m[1mreimport[22m | feedback-end.png[39m[0m
[  34% ] [90m[1mreimport[22m | join-969.5s.png[39m[0m
[  35% ] [90m[1mreimport[22m | join-955.9s.png[39m[0m
[  36% ] [90m[1mreimport[22m | join-933.0s.png[39m[0m
[  37% ] [90m[1mreimport[22m | join-918.0s.png[39m[0m
[  38% ] [90m[1mreimport[22m | join-896.0s.png[39m[0m
[  39% ] [90m[1mreimport[22m | join-0.0s.png[39m[0m
[  40% ] [90m[1mreimport[22m | encoded-964s.png[39m[0m
[  41% ] [90m[1mreimport[22m | encoded-960s.png[39m[0m
[  42% ] [90m[1mreimport[22m | encoded-915s.png[39m[0m
[  43% ] [90m[1mreimport[22m | encoded-870s.png[39m[0m
[  44% ] [90m[1mreimport[22m | encoded-825s.png[39m[0m
[  45% ] [90m[1mreimport[22m | encoded-780s.png[39m[0m
[  46% ] [90m[1mreimport[22m | encoded-739s.png[39m[0m
[  47% ] [90m[1mreimport[22m | encoded-735s.png[39m[0m
[  48% ] [90m[1mreimport[22m | encoded-724s.png[39m[0m
[  49% ] [90m[1mreimport[22m | 05-final-page.png[39m[0m
[  50% ] [90m[1mreimport[22m | 04-saved-reader.png[39m[0m
[  50% ] [90m[1mreimport[22m | 04-cooked.png[39m[0m
[  51% ] [90m[1mreimport[22m | 03-cut-and-toss.png[39m[0m
[  52% ] [90m[1mreimport[22m | 03-completed-drawings.png[39m[0m
[  53% ] [90m[1mreimport[22m | 02-storage.png[39m[0m
[  54% ] [90m[1mreimport[22m | 02-handwritten-title.png[39m[0m
[  55% ] [90m[1mreimport[22m | 01-order.png[39m[0m
[  56% ] [90m[1mreimport[22m | 00-opening-kitchen.png[39m[0m
[  57% ] [90m[1mreimport[22m | 11-receipt.png[39m[0m
[  58% ] [90m[1mreimport[22m | 10-soup-bowl.png[39m[0m
[  59% ] [90m[1mreimport[22m | 10-lid-steam.png[39m[0m
[  60% ] [90m[1mreimport[22m | 09-cleaning.png[39m[0m
[  61% ] [90m[1mreimport[22m | 08-poster.png[39m[0m
[  62% ] [90m[1mreimport[22m | 07-feedback.png[39m[0m
[  63% ] [90m[1mreimport[22m | 06-dish-photo.png[39m[0m
[  64% ] [90m[1mreimport[22m | 05-plating.png[39m[0m
[  65% ] [90m[1mreimport[22m | 05-final-page.png[39m[0m
[  66% ] [90m[1mreimport[22m | 04-saved-reader.png[39m[0m
[  67% ] [90m[1mreimport[22m | 04-cooked.png[39m[0m
[  68% ] [90m[1mreimport[22m | 03-cut-and-toss.png[39m[0m
[  69% ] [90m[1mreimport[22m | 03-completed-drawings.png[39m[0m
[  70% ] [90m[1mreimport[22m | 02-storage.png[39m[0m
[  71% ] [90m[1mreimport[22m | 02-handwritten-title.png[39m[0m
[  72% ] [90m[1mreimport[22m | 01-order.png[39m[0m
[  73% ] [90m[1mreimport[22m | 00-opening-kitchen.png[39m[0m
[  74% ] [90m[1mreimport[22m | 实验料理实拍.png[39m[0m
[  75% ] [90m[1mreimport[22m | 28-completed-guide.png[39m[0m
[  75% ] [90m[1mreimport[22m | 27-recipe-exchange.png[39m[0m
[  76% ] [90m[1mreimport[22m | 26-paper-craft.png[39m[0m
[  77% ] [90m[1mreimport[22m | 25-odd-review.png[39m[0m
[  78% ] [90m[1mreimport[22m | 24-odd-combination.png[39m[0m
[  79% ] [90m[1mreimport[22m | 23-spill.png[39m[0m
[  80% ] [90m[1mreimport[22m | 22-drained-room.png[39m[0m
[  81% ] [90m[1mreimport[22m | 21-full-flood.png[39m[0m
[  82% ] [90m[1mreimport[22m | 20-rising-water.png[39m[0m
[  83% ] [90m[1mreimport[22m | 19-overflow-from-rim.png[39m[0m
[  84% ] [90m[1mreimport[22m | 18-burnt-review.png[39m[0m
[  85% ] [90m[1mreimport[22m | 17-burnt-food.png[39m[0m
[  86% ] [90m[1mreimport[22m | 16-lid-blast.png[39m[0m
[  87% ] [90m[1mreimport[22m | 15-lid-danger.png[39m[0m
[  88% ] [90m[1mreimport[22m | 14-lid-warning.png[39m[0m
[  89% ] [90m[1mreimport[22m | 13-spoon.png[39m[0m
[  90% ] [90m[1mreimport[22m | 12-melting.png[39m[0m
[  91% ] [90m[1mreimport[22m | 11-receipt.png[39m[0m
[  92% ] [90m[1mreimport[22m | 10-soup-bowl.png[39m[0m
[  93% ] [90m[1mreimport[22m | 10-lid-steam.png[39m[0m
[  94% ] [90m[1mreimport[22m | 09-cleaning.png[39m[0m
[  95% ] [90m[1mreimport[22m | 08-poster.png[39m[0m
[  96% ] [90m[1mreimport[22m | 07-feedback.png[39m[0m
[  97% ] [90m[1mreimport[22m | 06-dish-photo.png[39m[0m
[  98% ] [90m[1mreimport[22m | 05-plating.png[39m[0m
[  99% ] [90m[1mreimport[22m | 正在结束资产导入……[39m[0m
[92m[ DONE ][39m [1mreimport[22m
[0m
[   0% ] [90m[1mreimport[22m | Started 正在导入或重新导入资产 (103 steps)[39m[0m
[   0% ] [90m[1mreimport[22m | 正在执行重新导入的后置操作……[39m[0m
[92m[ DONE ][39m [1mreimport[22m
[0m
[   0% ] [90m[1mloading_editor_layout[22m | Started 正在加载编辑器 (5 steps)[39m[0m
[   0% ] [90m[1mloading_editor_layout[22m | 正在加载编辑器布局……[39m[0m
[  16% ] [90m[1mloading_editor_layout[22m | 正在加载停靠面板……[39m[0m
[92m[ DONE ][39m [1mloading_editor_layout[22m
[0m
