{
  "status": "PASS",
  "recordings": 40,
  "clips": 57,
  "banks": 39,
  "human_audition": "not completed",
  "measurements": [
    {
      "file": "fry_egg_01.wav",
      "seconds": 8.88,
      "peak_dbfs": -4.01,
      "rms_dbfs": -29.82
    },
    {
      "file": "fry_egg_02.wav",
      "seconds": 8.88,
      "peak_dbfs": -4.01,
      "rms_dbfs": -30.63
    },
    {
      "file": "fry_vegetable_01.wav",
      "seconds": 5.88,
      "peak_dbfs": -4.01,
      "rms_dbfs": -30.26
    },
    {
      "file": "fry_vegetable_02.wav",
      "seconds": 5.88,
      "peak_dbfs": -4.01,
      "rms_dbfs": -28.1
    },
    {
      "file": "fry_meat_01.wav",
      "seconds": 6.88,
      "peak_dbfs": -4.01,
      "rms_dbfs": -25.32
    },
    {
      "file": "boil_01.wav",
      "seconds": 9.88,
      "peak_dbfs": -4.01,
      "rms_dbfs": -20.68
    },
    {
      "file": "boil_02.wav",
      "seconds": 9.88,
      "peak_dbfs": -4.01,
      "rms_dbfs": -32.56
    },
    {
      "file": "simmer_sauce_01.wav",
      "seconds": 9.88,
      "peak_dbfs": -4.01,
      "rms_dbfs": -41.08
    },
    {
      "file": "stir_sauce_01.wav",
      "seconds": 0.8,
      "peak_dbfs": -4.01,
      "rms_dbfs": -27.79
    },
    {
      "file": "simmer_sauce_02.wav",
      "seconds": 11.88,
      "peak_dbfs": -4.01,
      "rms_dbfs": -25.22
    },
    {
      "file": "powder_01.wav",
      "seconds": 3.88,
      "peak_dbfs": -4.01,
      "rms_dbfs": -21.8
    },
    {
      "file": "powder_02.wav",
      "seconds": 3.88,
      "peak_dbfs": -4.01,
      "rms_dbfs": -22.82
    },
    {
      "file": "powder_pepper_01.wav",
      "seconds": 4.38,
      "peak_dbfs": -4.01,
      "rms_dbfs": -29.62
    },
    {
      "file": "squeeze_01.wav",
      "seconds": 4.68,
      "peak_dbfs": -4.01,
      "rms_dbfs": -26.37
    },
    {
      "file": "pour_oil_01.wav",
      "seconds": 4.38,
      "peak_dbfs": -4.01,
      "rms_dbfs": -21.25
    },
    {
      "file": "pour_oil_02.wav",
      "seconds": 5.88,
      "peak_dbfs": -4.2,
      "rms_dbfs": -18.6
    },
    {
      "file": "pour_01.wav",
      "seconds": 3.88,
      "peak_dbfs": -4.01,
      "rms_dbfs": -29.86
    },
    {
      "file": "drain_01.wav",
      "seconds": 1.2,
      "peak_dbfs": -4.01,
      "rms_dbfs": -31.43
    },
    {
      "file": "stir_wood_01.wav",
      "seconds": 0.7,
      "peak_dbfs": -11.68,
      "rms_dbfs": -27.25
    },
    {
      "file": "stir_wood_02.wav",
      "seconds": 0.7,
      "peak_dbfs": -9.5,
      "rms_dbfs": -25.53
    },
    {
      "file": "stir_wood_03.wav",
      "seconds": 0.7,
      "peak_dbfs": -14.19,
      "rms_dbfs": -22.63
    },
    {
      "file": "stir_metal_01.wav",
      "seconds": 0.65,
      "peak_dbfs": -35.52,
      "rms_dbfs": -46.47
    },
    {
      "file": "stir_metal_02.wav",
      "seconds": 0.65,
      "peak_dbfs": -13.16,
      "rms_dbfs": -41.27
    },
    {
      "file": "stir_water_01.wav",
      "seconds": 0.8,
      "peak_dbfs": -9.56,
      "rms_dbfs": -21.94
    },
    {
      "file": "stir_water_02.wav",
      "seconds": 0.8,
      "peak_dbfs": -4.01,
      "rms_dbfs": -27.59
    },
    {
      "file": "stir_wet_01.wav",
      "seconds": 0.6,
      "peak_dbfs": -4.01,
      "rms_dbfs": -29.8
    },
    {
      "file": "stir_wet_02.wav",
      "seconds": 0.6,
      "peak_dbfs": -4.01,
      "rms_dbfs": -29.75
    },
    {
      "file": "stir_dry_01.wav",
      "seconds": 0.6,
      "peak_dbfs": -4.9,
      "rms_dbfs": -29.43
    },
    {
      "file": "stir_dry_02.wav",
      "seconds": 0.6,
      "peak_dbfs": -4.01,
      "rms_dbfs": -32.07
    },
    {
      "file": "ignite_01.wav",
      "seconds": 2.4,
      "peak_dbfs": -4.01,
      "rms_dbfs": -39.18
    },
    {
      "file": "flame_01.wav",
      "seconds": 2.48,
      "peak_dbfs": -20.59,
      "rms_dbfs": -33.34
    },
    {
      "file": "water_01.wav",
      "seconds": 7.88,
      "peak_dbfs": -4.01,
      "rms_dbfs": -26.17
    },
    {
      "file": "chop_01.wav",
      "seconds": 0.454,
      "peak_dbfs": -4.01,
      "rms_dbfs": -29.76
    },
    {
      "file": "chop_02.wav",
      "seconds": 0.391,
      "peak_dbfs": -4.01,
      "rms_dbfs": -29.11
    },
    {
      "file": "chop_03.wav",
      "seconds": 0.55,
      "peak_dbfs": -4.01,
      "rms_dbfs": -33.17
    },
    {
      "file": "chop_soft_01.wav",
      "seconds": 0.579,
      "peak_dbfs": -10.26,
      "rms_dbfs": -28.35
    },
    {
      "file": "chop_hard_01.wav",
      "seconds": 0.416,
      "peak_dbfs": -4.01,
      "rms_dbfs": -30.97
    },
    {
      "file": "bell_01.wav",
      "seconds": 8.833,
      "peak_dbfs": -4.01,
      "rms_dbfs": -30.2
    },
    {
      "file": "pan_01.wav",
      "seconds": 3.67,
      "peak_dbfs": -4.01,
      "rms_dbfs": -27.03
    },
    {
      "file": "serve_01.wav",
      "seconds": 0.766,
      "peak_dbfs": -4.01,
      "rms_dbfs": -30.15
    },
    {
      "file": "tap_01.wav",
      "seconds": 1.8,
      "peak_dbfs": -4.01,
      "rms_dbfs": -33.36
    },
    {
      "file": "paper_01.wav",
      "seconds": 0.589,
      "peak_dbfs": -6.11,
      "rms_dbfs": -26.45
    },
    {
      "file": "paper_02.wav",
      "seconds": 1.81,
      "peak_dbfs": -4.83,
      "rms_dbfs": -26.21
    },
    {
      "file": "wipe_01.wav",
      "seconds": 0.7,
      "peak_dbfs": -7.6,
      "rms_dbfs": -25.04
    },
    {
      "file": "wipe_02.wav",
      "seconds": 0.7,
      "peak_dbfs": -4.01,
      "rms_dbfs": -20.45
    },
    {
      "file": "drop_01.wav",
      "seconds": 1.476,
      "peak_dbfs": -4.01,
      "rms_dbfs": -28.68
    },
    {
      "file": "stir_pasta_01.wav",
      "seconds": 0.8,
      "peak_dbfs": -10.5,
      "rms_dbfs": -28.17
    },
    {
      "file": "stir_pasta_02.wav",
      "seconds": 0.8,
      "peak_dbfs": -10.11,
      "rms_dbfs": -33.22
    },
    {
      "file": "drop_dry_01.wav",
      "seconds": 0.8,
      "peak_dbfs": -4.01,
      "rms_dbfs": -19.78
    },
    {
      "file": "toss_01.wav",
      "seconds": 1.3,
      "peak_dbfs": -4.01,
      "rms_dbfs": -26.99
    },
    {
      "file": "toss_02.wav",
      "seconds": 1.3,
      "peak_dbfs": -4.01,
      "rms_dbfs": -24.35
    },
    {
      "file": "hot_drop_01.wav",
      "seconds": 1.8,
      "peak_dbfs": -4.01,
      "rms_dbfs": -29.29
    },
    {
      "file": "lid_tick_01.wav",
      "seconds": 0.3,
      "peak_dbfs": -4.01,
      "rms_dbfs": -21.76
    },
    {
      "file": "lid_pop_01.wav",
      "seconds": 0.55,
      "peak_dbfs": -4.01,
      "rms_dbfs": -23.58
    },
    {
      "file": "lid_land_01.wav",
      "seconds": 0.61,
      "peak_dbfs": -4.01,
      "rms_dbfs": -23.44
    },
    {
      "file": "lid_close_01.wav",
      "seconds": 0.65,
      "peak_dbfs": -4.01,
      "rms_dbfs": -26.63
    },
    {
      "file": "steam_release_01.wav",
      "seconds": 1.284,
      "peak_dbfs": -4.01,
      "rms_dbfs": -19.91
    }
  ]
}
